Starting Self-Play Training with 32 parallel environments...
Using ITP Configuration
Configuration:
  Gens: 150, Steps: 60000, Envs: 32, Reward Config: Default
  Hyperparams: high_range (epsilon=0.3, lr=0.0003)
  Model Dir: /home/jnn.aurich/kuhhandel-ml/rl/train/models_high_range
  Log Dir: /home/jnn.aurich/kuhhandel-ml/rl/train/logs_high_range
Loading existing model from /home/jnn.aurich/kuhhandel-ml/rl/train/models_high_range/kuhhandel_ppo_latest

--- Generation 1 ---
Logging to /home/jnn.aurich/kuhhandel-ml/rl/train/tensorboard_logs_high_range/MaskablePPO_0
-------------------------------
| time/              |        |
|    fps             | 2010   |
|    iterations      | 1      |
|    time_elapsed    | 32     |
|    total_timesteps | 147456 |
-------------------------------
Saved generation 1 to /home/jnn.aurich/kuhhandel-ml/rl/train/models_high_range/selfplay_pool/gen_1
Time elapsed: 1.61 mins

--- Generation 2 ---
Logging to /home/jnn.aurich/kuhhandel-ml/rl/train/tensorboard_logs_high_range/MaskablePPO_0
-------------------------------
| time/              |        |
|    fps             | 1926   |
|    iterations      | 1      |
|    time_elapsed    | 34     |
|    total_timesteps | 212992 |
-------------------------------
Saved generation 2 to /home/jnn.aurich/kuhhandel-ml/rl/train/models_high_range/selfplay_pool/gen_2
Time elapsed: 3.06 mins

--- Generation 3 ---
Logging to /home/jnn.aurich/kuhhandel-ml/rl/train/tensorboard_logs_high_range/MaskablePPO_0
-------------------------------
| time/              |        |
|    fps             | 2048   |
|    iterations      | 1      |
|    time_elapsed    | 31     |
|    total_timesteps | 278528 |
-------------------------------
Saved generation 3 to /home/jnn.aurich/kuhhandel-ml/rl/train/models_high_range/selfplay_pool/gen_3
Time elapsed: 4.55 mins

--- Generation 4 ---
Logging to /home/jnn.aurich/kuhhandel-ml/rl/train/tensorboard_logs_high_range/MaskablePPO_0
-------------------------------
| time/              |        |
|    fps             | 2016   |
|    iterations      | 1      |
|    time_elapsed    | 32     |
|    total_timesteps | 344064 |
-------------------------------
Saved generation 4 to /home/jnn.aurich/kuhhandel-ml/rl/train/models_high_range/selfplay_pool/gen_4
Time elapsed: 6.08 mins

--- Generation 5 ---
Logging to /home/jnn.aurich/kuhhandel-ml/rl/train/tensorboard_logs_high_range/MaskablePPO_0
-------------------------------
| time/              |        |
|    fps             | 1917   |
|    iterations      | 1      |
|    time_elapsed    | 34     |
|    total_timesteps | 409600 |
-------------------------------
Saved generation 5 to /home/jnn.aurich/kuhhandel-ml/rl/train/models_high_range/selfplay_pool/gen_5
Time elapsed: 7.60 mins

--- Generation 6 ---
Logging to /home/jnn.aurich/kuhhandel-ml/rl/train/tensorboard_logs_high_range/MaskablePPO_0
-------------------------------
| time/              |        |
|    fps             | 1817   |
|    iterations      | 1      |
|    time_elapsed    | 36     |
|    total_timesteps | 475136 |
-------------------------------
Saved generation 6 to /home/jnn.aurich/kuhhandel-ml/rl/train/models_high_range/selfplay_pool/gen_6
Time elapsed: 9.17 mins

--- Generation 7 ---
Logging to /home/jnn.aurich/kuhhandel-ml/rl/train/tensorboard_logs_high_range/MaskablePPO_0
-------------------------------
| time/              |        |
|    fps             | 1948   |
|    iterations      | 1      |
|    time_elapsed    | 33     |
|    total_timesteps | 540672 |
-------------------------------
Saved generation 7 to /home/jnn.aurich/kuhhandel-ml/rl/train/models_high_range/selfplay_pool/gen_7
Time elapsed: 10.73 mins

--- Generation 8 ---
Logging to /home/jnn.aurich/kuhhandel-ml/rl/train/tensorboard_logs_high_range/MaskablePPO_0
-------------------------------
| time/              |        |
|    fps             | 2045   |
|    iterations      | 1      |
|    time_elapsed    | 32     |
|    total_timesteps | 606208 |
-------------------------------
Saved generation 8 to /home/jnn.aurich/kuhhandel-ml/rl/train/models_high_range/selfplay_pool/gen_8
Time elapsed: 12.27 mins

--- Generation 9 ---
Logging to /home/jnn.aurich/kuhhandel-ml/rl/train/tensorboard_logs_high_range/MaskablePPO_0
-------------------------------
| time/              |        |
|    fps             | 1931   |
|    iterations      | 1      |
|    time_elapsed    | 33     |
|    total_timesteps | 671744 |
-------------------------------
Saved generation 9 to /home/jnn.aurich/kuhhandel-ml/rl/train/models_high_range/selfplay_pool/gen_9
Time elapsed: 13.84 mins

--- Generation 10 ---
Logging to /home/jnn.aurich/kuhhandel-ml/rl/train/tensorboard_logs_high_range/MaskablePPO_0
-------------------------------
| time/              |        |
|    fps             | 2057   |
|    iterations      | 1      |
|    time_elapsed    | 31     |
|    total_timesteps | 737280 |
-------------------------------
Saved generation 10 to /home/jnn.aurich/kuhhandel-ml/rl/train/models_high_range/selfplay_pool/gen_10
Time elapsed: 15.33 mins

--- Generation 11 ---
Logging to /home/jnn.aurich/kuhhandel-ml/rl/train/tensorboard_logs_high_range/MaskablePPO_0
-------------------------------
| time/              |        |
|    fps             | 1918   |
|    iterations      | 1      |
|    time_elapsed    | 34     |
|    total_timesteps | 802816 |
-------------------------------
Saved generation 11 to /home/jnn.aurich/kuhhandel-ml/rl/train/models_high_range/selfplay_pool/gen_11
Time elapsed: 16.94 mins

--- Generation 12 ---
Logging to /home/jnn.aurich/kuhhandel-ml/rl/train/tensorboard_logs_high_range/MaskablePPO_0
-------------------------------
| time/              |        |
|    fps             | 1863   |
|    iterations      | 1      |
|    time_elapsed    | 35     |
|    total_timesteps | 868352 |
-------------------------------
Saved generation 12 to /home/jnn.aurich/kuhhandel-ml/rl/train/models_high_range/selfplay_pool/gen_12
Time elapsed: 18.64 mins

--- Generation 13 ---
Logging to /home/jnn.aurich/kuhhandel-ml/rl/train/tensorboard_logs_high_range/MaskablePPO_0
-------------------------------
| time/              |        |
|    fps             | 1835   |
|    iterations      | 1      |
|    time_elapsed    | 35     |
|    total_timesteps | 933888 |
-------------------------------
Saved generation 13 to /home/jnn.aurich/kuhhandel-ml/rl/train/models_high_range/selfplay_pool/gen_13
Time elapsed: 20.22 mins

--- Generation 14 ---
Logging to /home/jnn.aurich/kuhhandel-ml/rl/train/tensorboard_logs_high_range/MaskablePPO_0
-------------------------------
| time/              |        |
|    fps             | 1895   |
|    iterations      | 1      |
|    time_elapsed    | 34     |
|    total_timesteps | 999424 |
-------------------------------
Saved generation 14 to /home/jnn.aurich/kuhhandel-ml/rl/train/models_high_range/selfplay_pool/gen_14
Time elapsed: 21.73 mins

--- Generation 15 ---
Logging to /home/jnn.aurich/kuhhandel-ml/rl/train/tensorboard_logs_high_range/MaskablePPO_0
--------------------------------
| time/              |         |
|    fps             | 2064    |
|    iterations      | 1       |
|    time_elapsed    | 31      |
|    total_timesteps | 1064960 |
--------------------------------
Saved generation 15 to /home/jnn.aurich/kuhhandel-ml/rl/train/models_high_range/selfplay_pool/gen_15
Time elapsed: 23.22 mins

--- Generation 16 ---
Logging to /home/jnn.aurich/kuhhandel-ml/rl/train/tensorboard_logs_high_range/MaskablePPO_0
--------------------------------
| time/              |         |
|    fps             | 1987    |
|    iterations      | 1       |
|    time_elapsed    | 32      |
|    total_timesteps | 1130496 |
--------------------------------
Saved generation 16 to /home/jnn.aurich/kuhhandel-ml/rl/train/models_high_range/selfplay_pool/gen_16
Time elapsed: 24.73 mins

--- Generation 17 ---
Logging to /home/jnn.aurich/kuhhandel-ml/rl/train/tensorboard_logs_high_range/MaskablePPO_0
--------------------------------
| time/              |         |
|    fps             | 2006    |
|    iterations      | 1       |
|    time_elapsed    | 32      |
|    total_timesteps | 1196032 |
--------------------------------
Saved generation 17 to /home/jnn.aurich/kuhhandel-ml/rl/train/models_high_range/selfplay_pool/gen_17
Time elapsed: 26.28 mins

--- Generation 18 ---
Logging to /home/jnn.aurich/kuhhandel-ml/rl/train/tensorboard_logs_high_range/MaskablePPO_0
--------------------------------
| time/              |         |
|    fps             | 2101    |
|    iterations      | 1       |
|    time_elapsed    | 31      |
|    total_timesteps | 1261568 |
--------------------------------
Saved generation 18 to /home/jnn.aurich/kuhhandel-ml/rl/train/models_high_range/selfplay_pool/gen_18
Time elapsed: 27.77 mins

--- Generation 19 ---
Logging to /home/jnn.aurich/kuhhandel-ml/rl/train/tensorboard_logs_high_range/MaskablePPO_0
--------------------------------
| time/              |         |
|    fps             | 2065    |
|    iterations      | 1       |
|    time_elapsed    | 31      |
|    total_timesteps | 1327104 |
--------------------------------
Saved generation 19 to /home/jnn.aurich/kuhhandel-ml/rl/train/models_high_range/selfplay_pool/gen_19
Time elapsed: 29.25 mins

--- Generation 20 ---
Logging to /home/jnn.aurich/kuhhandel-ml/rl/train/tensorboard_logs_high_range/MaskablePPO_0
--------------------------------
| time/              |         |
|    fps             | 2231    |
|    iterations      | 1       |
|    time_elapsed    | 29      |
|    total_timesteps | 1392640 |
--------------------------------
Saved generation 20 to /home/jnn.aurich/kuhhandel-ml/rl/train/models_high_range/selfplay_pool/gen_20
Time elapsed: 30.75 mins

--- Generation 21 ---
Logging to /home/jnn.aurich/kuhhandel-ml/rl/train/tensorboard_logs_high_range/MaskablePPO_0
--------------------------------
| time/              |         |
|    fps             | 2486    |
|    iterations      | 1       |
|    time_elapsed    | 26      |
|    total_timesteps | 1458176 |
--------------------------------
Saved generation 21 to /home/jnn.aurich/kuhhandel-ml/rl/train/models_high_range/selfplay_pool/gen_21
Time elapsed: 32.13 mins

--- Generation 22 ---
Logging to /home/jnn.aurich/kuhhandel-ml/rl/train/tensorboard_logs_high_range/MaskablePPO_0
--------------------------------
| time/              |         |
|    fps             | 2242    |
|    iterations      | 1       |
|    time_elapsed    | 29      |
|    total_timesteps | 1523712 |
--------------------------------
Saved generation 22 to /home/jnn.aurich/kuhhandel-ml/rl/train/models_high_range/selfplay_pool/gen_22
Time elapsed: 33.71 mins

--- Generation 23 ---
Logging to /home/jnn.aurich/kuhhandel-ml/rl/train/tensorboard_logs_high_range/MaskablePPO_0
--------------------------------
| time/              |         |
|    fps             | 2344    |
|    iterations      | 1       |
|    time_elapsed    | 27      |
|    total_timesteps | 1589248 |
--------------------------------
Saved generation 23 to /home/jnn.aurich/kuhhandel-ml/rl/train/models_high_range/selfplay_pool/gen_23
Time elapsed: 35.14 mins

--- Generation 24 ---
Logging to /home/jnn.aurich/kuhhandel-ml/rl/train/tensorboard_logs_high_range/MaskablePPO_0
--------------------------------
| time/              |         |
|    fps             | 2053    |
|    iterations      | 1       |
|    time_elapsed    | 31      |
|    total_timesteps | 1654784 |
--------------------------------
Saved generation 24 to /home/jnn.aurich/kuhhandel-ml/rl/train/models_high_range/selfplay_pool/gen_24
Time elapsed: 36.67 mins

--- Generation 25 ---
Logging to /home/jnn.aurich/kuhhandel-ml/rl/train/tensorboard_logs_high_range/MaskablePPO_0
--------------------------------
| time/              |         |
|    fps             | 2142    |
|    iterations      | 1       |
|    time_elapsed    | 30      |
|    total_timesteps | 1720320 |
--------------------------------
Saved generation 25 to /home/jnn.aurich/kuhhandel-ml/rl/train/models_high_range/selfplay_pool/gen_25
Time elapsed: 38.27 mins

--- Generation 26 ---
Logging to /home/jnn.aurich/kuhhandel-ml/rl/train/tensorboard_logs_high_range/MaskablePPO_0
--------------------------------
| time/              |         |
|    fps             | 2103    |
|    iterations      | 1       |
|    time_elapsed    | 31      |
|    total_timesteps | 1785856 |
--------------------------------
Saved generation 26 to /home/jnn.aurich/kuhhandel-ml/rl/train/models_high_range/selfplay_pool/gen_26
Time elapsed: 39.77 mins

--- Generation 27 ---
Logging to /home/jnn.aurich/kuhhandel-ml/rl/train/tensorboard_logs_high_range/MaskablePPO_0
--------------------------------
| time/              |         |
|    fps             | 2009    |
|    iterations      | 1       |
|    time_elapsed    | 32      |
|    total_timesteps | 1851392 |
--------------------------------
Saved generation 27 to /home/jnn.aurich/kuhhandel-ml/rl/train/models_high_range/selfplay_pool/gen_27
Time elapsed: 41.38 mins

--- Generation 28 ---
Logging to /home/jnn.aurich/kuhhandel-ml/rl/train/tensorboard_logs_high_range/MaskablePPO_0
--------------------------------
| time/              |         |
|    fps             | 1882    |
|    iterations      | 1       |
|    time_elapsed    | 34      |
|    total_timesteps | 1916928 |
--------------------------------
Saved generation 28 to /home/jnn.aurich/kuhhandel-ml/rl/train/models_high_range/selfplay_pool/gen_28
Time elapsed: 43.00 mins

--- Generation 29 ---
Logging to /home/jnn.aurich/kuhhandel-ml/rl/train/tensorboard_logs_high_range/MaskablePPO_0
--------------------------------
| time/              |         |
|    fps             | 1927    |
|    iterations      | 1       |
|    time_elapsed    | 34      |
|    total_timesteps | 1982464 |
--------------------------------
Saved generation 29 to /home/jnn.aurich/kuhhandel-ml/rl/train/models_high_range/selfplay_pool/gen_29
Time elapsed: 44.58 mins

--- Generation 30 ---
Logging to /home/jnn.aurich/kuhhandel-ml/rl/train/tensorboard_logs_high_range/MaskablePPO_0
--------------------------------
| time/              |         |
|    fps             | 2031    |
|    iterations      | 1       |
|    time_elapsed    | 32      |
|    total_timesteps | 2048000 |
--------------------------------
Saved generation 30 to /home/jnn.aurich/kuhhandel-ml/rl/train/models_high_range/selfplay_pool/gen_0
Time elapsed: 46.19 mins

--- Generation 31 ---
Logging to /home/jnn.aurich/kuhhandel-ml/rl/train/tensorboard_logs_high_range/MaskablePPO_0
--------------------------------
| time/              |         |
|    fps             | 1933    |
|    iterations      | 1       |
|    time_elapsed    | 33      |
|    total_timesteps | 2113536 |
--------------------------------
Saved generation 31 to /home/jnn.aurich/kuhhandel-ml/rl/train/models_high_range/selfplay_pool/gen_1
Time elapsed: 47.77 mins

--- Generation 32 ---
Logging to /home/jnn.aurich/kuhhandel-ml/rl/train/tensorboard_logs_high_range/MaskablePPO_0
--------------------------------
| time/              |         |
|    fps             | 1857    |
|    iterations      | 1       |
|    time_elapsed    | 35      |
|    total_timesteps | 2179072 |
--------------------------------
Saved generation 32 to /home/jnn.aurich/kuhhandel-ml/rl/train/models_high_range/selfplay_pool/gen_2
Time elapsed: 49.32 mins

--- Generation 33 ---
Logging to /home/jnn.aurich/kuhhandel-ml/rl/train/tensorboard_logs_high_range/MaskablePPO_0
--------------------------------
| time/              |         |
|    fps             | 1963    |
|    iterations      | 1       |
|    time_elapsed    | 33      |
|    total_timesteps | 2244608 |
--------------------------------
Saved generation 33 to /home/jnn.aurich/kuhhandel-ml/rl/train/models_high_range/selfplay_pool/gen_3
Time elapsed: 50.96 mins

--- Generation 34 ---
Logging to /home/jnn.aurich/kuhhandel-ml/rl/train/tensorboard_logs_high_range/MaskablePPO_0
--------------------------------
| time/              |         |
|    fps             | 1731    |
|    iterations      | 1       |
|    time_elapsed    | 37      |
|    total_timesteps | 2310144 |
--------------------------------
Saved generation 34 to /home/jnn.aurich/kuhhandel-ml/rl/train/models_high_range/selfplay_pool/gen_4
Time elapsed: 52.55 mins

--- Generation 35 ---
Logging to /home/jnn.aurich/kuhhandel-ml/rl/train/tensorboard_logs_high_range/MaskablePPO_0
--------------------------------
| time/              |         |
|    fps             | 1819    |
|    iterations      | 1       |
|    time_elapsed    | 36      |
|    total_timesteps | 2375680 |
--------------------------------
Saved generation 35 to /home/jnn.aurich/kuhhandel-ml/rl/train/models_high_range/selfplay_pool/gen_5
Time elapsed: 54.10 mins

--- Generation 36 ---
Logging to /home/jnn.aurich/kuhhandel-ml/rl/train/tensorboard_logs_high_range/MaskablePPO_0
--------------------------------
| time/              |         |
|    fps             | 1912    |
|    iterations      | 1       |
|    time_elapsed    | 34      |
|    total_timesteps | 2441216 |
--------------------------------
Saved generation 36 to /home/jnn.aurich/kuhhandel-ml/rl/train/models_high_range/selfplay_pool/gen_6
Time elapsed: 55.69 mins

--- Generation 37 ---
Logging to /home/jnn.aurich/kuhhandel-ml/rl/train/tensorboard_logs_high_range/MaskablePPO_0
--------------------------------
| time/              |         |
|    fps             | 1967    |
|    iterations      | 1       |
|    time_elapsed    | 33      |
|    total_timesteps | 2506752 |
--------------------------------
Saved generation 37 to /home/jnn.aurich/kuhhandel-ml/rl/train/models_high_range/selfplay_pool/gen_7
Time elapsed: 57.38 mins

--- Generation 38 ---
Logging to /home/jnn.aurich/kuhhandel-ml/rl/train/tensorboard_logs_high_range/MaskablePPO_0
--------------------------------
| time/              |         |
|    fps             | 1984    |
|    iterations      | 1       |
|    time_elapsed    | 33      |
|    total_timesteps | 2572288 |
--------------------------------
Saved generation 38 to /home/jnn.aurich/kuhhandel-ml/rl/train/models_high_range/selfplay_pool/gen_8
Time elapsed: 59.02 mins

--- Generation 39 ---
Logging to /home/jnn.aurich/kuhhandel-ml/rl/train/tensorboard_logs_high_range/MaskablePPO_0
--------------------------------
| time/              |         |
|    fps             | 2019    |
|    iterations      | 1       |
|    time_elapsed    | 32      |
|    total_timesteps | 2637824 |
--------------------------------
Saved generation 39 to /home/jnn.aurich/kuhhandel-ml/rl/train/models_high_range/selfplay_pool/gen_9
Time elapsed: 60.59 mins

--- Generation 40 ---
Logging to /home/jnn.aurich/kuhhandel-ml/rl/train/tensorboard_logs_high_range/MaskablePPO_0
--------------------------------
| time/              |         |
|    fps             | 1971    |
|    iterations      | 1       |
|    time_elapsed    | 33      |
|    total_timesteps | 2703360 |
--------------------------------
Saved generation 40 to /home/jnn.aurich/kuhhandel-ml/rl/train/models_high_range/selfplay_pool/gen_10
Time elapsed: 62.14 mins

--- Generation 41 ---
Logging to /home/jnn.aurich/kuhhandel-ml/rl/train/tensorboard_logs_high_range/MaskablePPO_0
--------------------------------
| time/              |         |
|    fps             | 1964    |
|    iterations      | 1       |
|    time_elapsed    | 33      |
|    total_timesteps | 2768896 |
--------------------------------
Saved generation 41 to /home/jnn.aurich/kuhhandel-ml/rl/train/models_high_range/selfplay_pool/gen_11
Time elapsed: 63.89 mins

--- Generation 42 ---
Logging to /home/jnn.aurich/kuhhandel-ml/rl/train/tensorboard_logs_high_range/MaskablePPO_0
--------------------------------
| time/              |         |
|    fps             | 1949    |
|    iterations      | 1       |
|    time_elapsed    | 33      |
|    total_timesteps | 2834432 |
--------------------------------
Saved generation 42 to /home/jnn.aurich/kuhhandel-ml/rl/train/models_high_range/selfplay_pool/gen_12
Time elapsed: 65.54 mins

--- Generation 43 ---
Logging to /home/jnn.aurich/kuhhandel-ml/rl/train/tensorboard_logs_high_range/MaskablePPO_0
--------------------------------
| time/              |         |
|    fps             | 1920    |
|    iterations      | 1       |
|    time_elapsed    | 34      |
|    total_timesteps | 2899968 |
--------------------------------
Saved generation 43 to /home/jnn.aurich/kuhhandel-ml/rl/train/models_high_range/selfplay_pool/gen_13
Time elapsed: 67.07 mins

--- Generation 44 ---
Logging to /home/jnn.aurich/kuhhandel-ml/rl/train/tensorboard_logs_high_range/MaskablePPO_0
--------------------------------
| time/              |         |
|    fps             | 2010    |
|    iterations      | 1       |
|    time_elapsed    | 32      |
|    total_timesteps | 2965504 |
--------------------------------
Saved generation 44 to /home/jnn.aurich/kuhhandel-ml/rl/train/models_high_range/selfplay_pool/gen_14
Time elapsed: 68.61 mins

--- Generation 45 ---
Logging to /home/jnn.aurich/kuhhandel-ml/rl/train/tensorboard_logs_high_range/MaskablePPO_0
--------------------------------
| time/              |         |
|    fps             | 2142    |
|    iterations      | 1       |
|    time_elapsed    | 30      |
|    total_timesteps | 3031040 |
--------------------------------
Saved generation 45 to /home/jnn.aurich/kuhhandel-ml/rl/train/models_high_range/selfplay_pool/gen_15
Time elapsed: 70.21 mins

--- Generation 46 ---
Logging to /home/jnn.aurich/kuhhandel-ml/rl/train/tensorboard_logs_high_range/MaskablePPO_0
--------------------------------
| time/              |         |
|    fps             | 2141    |
|    iterations      | 1       |
|    time_elapsed    | 30      |
|    total_timesteps | 3096576 |
--------------------------------
Saved generation 46 to /home/jnn.aurich/kuhhandel-ml/rl/train/models_high_range/selfplay_pool/gen_16
Time elapsed: 71.85 mins

--- Generation 47 ---
Logging to /home/jnn.aurich/kuhhandel-ml/rl/train/tensorboard_logs_high_range/MaskablePPO_0
--------------------------------
| time/              |         |
|    fps             | 2204    |
|    iterations      | 1       |
|    time_elapsed    | 29      |
|    total_timesteps | 3162112 |
--------------------------------
Saved generation 47 to /home/jnn.aurich/kuhhandel-ml/rl/train/models_high_range/selfplay_pool/gen_17
Time elapsed: 73.47 mins

--- Generation 48 ---
Logging to /home/jnn.aurich/kuhhandel-ml/rl/train/tensorboard_logs_high_range/MaskablePPO_0
--------------------------------
| time/              |         |
|    fps             | 2001    |
|    iterations      | 1       |
|    time_elapsed    | 32      |
|    total_timesteps | 3227648 |
--------------------------------
Saved generation 48 to /home/jnn.aurich/kuhhandel-ml/rl/train/models_high_range/selfplay_pool/gen_18
Time elapsed: 75.05 mins

--- Generation 49 ---
Logging to /home/jnn.aurich/kuhhandel-ml/rl/train/tensorboard_logs_high_range/MaskablePPO_0
--------------------------------
| time/              |         |
|    fps             | 2090    |
|    iterations      | 1       |
|    time_elapsed    | 31      |
|    total_timesteps | 3293184 |
--------------------------------
Saved generation 49 to /home/jnn.aurich/kuhhandel-ml/rl/train/models_high_range/selfplay_pool/gen_19
Time elapsed: 76.74 mins

--- Generation 50 ---
Logging to /home/jnn.aurich/kuhhandel-ml/rl/train/tensorboard_logs_high_range/MaskablePPO_0
--------------------------------
| time/              |         |
|    fps             | 2201    |
|    iterations      | 1       |
|    time_elapsed    | 29      |
|    total_timesteps | 3358720 |
--------------------------------
Saved generation 50 to /home/jnn.aurich/kuhhandel-ml/rl/train/models_high_range/selfplay_pool/gen_20
Time elapsed: 78.39 mins

--- Generation 51 ---
Logging to /home/jnn.aurich/kuhhandel-ml/rl/train/tensorboard_logs_high_range/MaskablePPO_0
--------------------------------
| time/              |         |
|    fps             | 2313    |
|    iterations      | 1       |
|    time_elapsed    | 28      |
|    total_timesteps | 3424256 |
--------------------------------
Saved generation 51 to /home/jnn.aurich/kuhhandel-ml/rl/train/models_high_range/selfplay_pool/gen_21
Time elapsed: 79.84 mins

--- Generation 52 ---
Logging to /home/jnn.aurich/kuhhandel-ml/rl/train/tensorboard_logs_high_range/MaskablePPO_0
--------------------------------
| time/              |         |
|    fps             | 2219    |
|    iterations      | 1       |
|    time_elapsed    | 29      |
|    total_timesteps | 3489792 |
--------------------------------
Saved generation 52 to /home/jnn.aurich/kuhhandel-ml/rl/train/models_high_range/selfplay_pool/gen_22
Time elapsed: 81.55 mins

--- Generation 53 ---
Logging to /home/jnn.aurich/kuhhandel-ml/rl/train/tensorboard_logs_high_range/MaskablePPO_0
--------------------------------
| time/              |         |
|    fps             | 2359    |
|    iterations      | 1       |
|    time_elapsed    | 27      |
|    total_timesteps | 3555328 |
--------------------------------
Saved generation 53 to /home/jnn.aurich/kuhhandel-ml/rl/train/models_high_range/selfplay_pool/gen_23
Time elapsed: 82.99 mins

--- Generation 54 ---
Logging to /home/jnn.aurich/kuhhandel-ml/rl/train/tensorboard_logs_high_range/MaskablePPO_0
--------------------------------
| time/              |         |
|    fps             | 2483    |
|    iterations      | 1       |
|    time_elapsed    | 26      |
|    total_timesteps | 3620864 |
--------------------------------
Saved generation 54 to /home/jnn.aurich/kuhhandel-ml/rl/train/models_high_range/selfplay_pool/gen_24
Time elapsed: 84.47 mins

--- Generation 55 ---
Logging to /home/jnn.aurich/kuhhandel-ml/rl/train/tensorboard_logs_high_range/MaskablePPO_0
--------------------------------
| time/              |         |
|    fps             | 2019    |
|    iterations      | 1       |
|    time_elapsed    | 32      |
|    total_timesteps | 3686400 |
--------------------------------
Saved generation 55 to /home/jnn.aurich/kuhhandel-ml/rl/train/models_high_range/selfplay_pool/gen_25
Time elapsed: 85.96 mins

--- Generation 56 ---
Logging to /home/jnn.aurich/kuhhandel-ml/rl/train/tensorboard_logs_high_range/MaskablePPO_0
--------------------------------
| time/              |         |
|    fps             | 1814    |
|    iterations      | 1       |
|    time_elapsed    | 36      |
|    total_timesteps | 3751936 |
--------------------------------
Saved generation 56 to /home/jnn.aurich/kuhhandel-ml/rl/train/models_high_range/selfplay_pool/gen_26
Time elapsed: 87.54 mins

--- Generation 57 ---
Logging to /home/jnn.aurich/kuhhandel-ml/rl/train/tensorboard_logs_high_range/MaskablePPO_0
--------------------------------
| time/              |         |
|    fps             | 1820    |
|    iterations      | 1       |
|    time_elapsed    | 35      |
|    total_timesteps | 3817472 |
--------------------------------
Saved generation 57 to /home/jnn.aurich/kuhhandel-ml/rl/train/models_high_range/selfplay_pool/gen_27
Time elapsed: 89.32 mins

--- Generation 58 ---
Logging to /home/jnn.aurich/kuhhandel-ml/rl/train/tensorboard_logs_high_range/MaskablePPO_0
--------------------------------
| time/              |         |
|    fps             | 1733    |
|    iterations      | 1       |
|    time_elapsed    | 37      |
|    total_timesteps | 3883008 |
--------------------------------
Saved generation 58 to /home/jnn.aurich/kuhhandel-ml/rl/train/models_high_range/selfplay_pool/gen_28
Time elapsed: 90.94 mins

--- Generation 59 ---
Logging to /home/jnn.aurich/kuhhandel-ml/rl/train/tensorboard_logs_high_range/MaskablePPO_0
--------------------------------
| time/              |         |
|    fps             | 1887    |
|    iterations      | 1       |
|    time_elapsed    | 34      |
|    total_timesteps | 3948544 |
--------------------------------
Saved generation 59 to /home/jnn.aurich/kuhhandel-ml/rl/train/models_high_range/selfplay_pool/gen_29
Time elapsed: 92.59 mins

--- Generation 60 ---
Logging to /home/jnn.aurich/kuhhandel-ml/rl/train/tensorboard_logs_high_range/MaskablePPO_0
--------------------------------
| time/              |         |
|    fps             | 1791    |
|    iterations      | 1       |
|    time_elapsed    | 36      |
|    total_timesteps | 4014080 |
--------------------------------
Saved generation 60 to /home/jnn.aurich/kuhhandel-ml/rl/train/models_high_range/selfplay_pool/gen_0
Time elapsed: 94.38 mins

--- Generation 61 ---
Logging to /home/jnn.aurich/kuhhandel-ml/rl/train/tensorboard_logs_high_range/MaskablePPO_0
--------------------------------
| time/              |         |
|    fps             | 2053    |
|    iterations      | 1       |
|    time_elapsed    | 31      |
|    total_timesteps | 4079616 |
--------------------------------
Saved generation 61 to /home/jnn.aurich/kuhhandel-ml/rl/train/models_high_range/selfplay_pool/gen_1
Time elapsed: 95.99 mins

--- Generation 62 ---
Logging to /home/jnn.aurich/kuhhandel-ml/rl/train/tensorboard_logs_high_range/MaskablePPO_0
--------------------------------
| time/              |         |
|    fps             | 1824    |
|    iterations      | 1       |
|    time_elapsed    | 35      |
|    total_timesteps | 4145152 |
--------------------------------
Saved generation 62 to /home/jnn.aurich/kuhhandel-ml/rl/train/models_high_range/selfplay_pool/gen_2
Time elapsed: 97.67 mins

--- Generation 63 ---
Logging to /home/jnn.aurich/kuhhandel-ml/rl/train/tensorboard_logs_high_range/MaskablePPO_0
--------------------------------
| time/              |         |
|    fps             | 1879    |
|    iterations      | 1       |
|    time_elapsed    | 34      |
|    total_timesteps | 4210688 |
--------------------------------
Saved generation 63 to /home/jnn.aurich/kuhhandel-ml/rl/train/models_high_range/selfplay_pool/gen_3
Time elapsed: 99.35 mins

--- Generation 64 ---
Logging to /home/jnn.aurich/kuhhandel-ml/rl/train/tensorboard_logs_high_range/MaskablePPO_0
--------------------------------
| time/              |         |
|    fps             | 1739    |
|    iterations      | 1       |
|    time_elapsed    | 37      |
|    total_timesteps | 4276224 |
--------------------------------
Saved generation 64 to /home/jnn.aurich/kuhhandel-ml/rl/train/models_high_range/selfplay_pool/gen_4
Time elapsed: 101.08 mins

--- Generation 65 ---
Logging to /home/jnn.aurich/kuhhandel-ml/rl/train/tensorboard_logs_high_range/MaskablePPO_0
--------------------------------
| time/              |         |
|    fps             | 1793    |
|    iterations      | 1       |
|    time_elapsed    | 36      |
|    total_timesteps | 4341760 |
--------------------------------
Saved generation 65 to /home/jnn.aurich/kuhhandel-ml/rl/train/models_high_range/selfplay_pool/gen_5
Time elapsed: 102.72 mins

--- Generation 66 ---
Logging to /home/jnn.aurich/kuhhandel-ml/rl/train/tensorboard_logs_high_range/MaskablePPO_0
--------------------------------
| time/              |         |
|    fps             | 1750    |
|    iterations      | 1       |
|    time_elapsed    | 37      |
|    total_timesteps | 4407296 |
--------------------------------
Saved generation 66 to /home/jnn.aurich/kuhhandel-ml/rl/train/models_high_range/selfplay_pool/gen_6
Time elapsed: 104.32 mins

--- Generation 67 ---
Logging to /home/jnn.aurich/kuhhandel-ml/rl/train/tensorboard_logs_high_range/MaskablePPO_0
--------------------------------
| time/              |         |
|    fps             | 1705    |
|    iterations      | 1       |
|    time_elapsed    | 38      |
|    total_timesteps | 4472832 |
--------------------------------
Saved generation 67 to /home/jnn.aurich/kuhhandel-ml/rl/train/models_high_range/selfplay_pool/gen_7
Time elapsed: 105.95 mins

--- Generation 68 ---
Logging to /home/jnn.aurich/kuhhandel-ml/rl/train/tensorboard_logs_high_range/MaskablePPO_0
--------------------------------
| time/              |         |
|    fps             | 1665    |
|    iterations      | 1       |
|    time_elapsed    | 39      |
|    total_timesteps | 4538368 |
--------------------------------
Saved generation 68 to /home/jnn.aurich/kuhhandel-ml/rl/train/models_high_range/selfplay_pool/gen_8
Time elapsed: 107.64 mins

--- Generation 69 ---
Logging to /home/jnn.aurich/kuhhandel-ml/rl/train/tensorboard_logs_high_range/MaskablePPO_0
--------------------------------
| time/              |         |
|    fps             | 1765    |
|    iterations      | 1       |
|    time_elapsed    | 37      |
|    total_timesteps | 4603904 |
--------------------------------
Saved generation 69 to /home/jnn.aurich/kuhhandel-ml/rl/train/models_high_range/selfplay_pool/gen_9
Time elapsed: 109.29 mins

--- Generation 70 ---
Logging to /home/jnn.aurich/kuhhandel-ml/rl/train/tensorboard_logs_high_range/MaskablePPO_0
--------------------------------
| time/              |         |
|    fps             | 1871    |
|    iterations      | 1       |
|    time_elapsed    | 35      |
|    total_timesteps | 4669440 |
--------------------------------
Saved generation 70 to /home/jnn.aurich/kuhhandel-ml/rl/train/models_high_range/selfplay_pool/gen_10
Time elapsed: 110.83 mins

--- Generation 71 ---
Logging to /home/jnn.aurich/kuhhandel-ml/rl/train/tensorboard_logs_high_range/MaskablePPO_0
--------------------------------
| time/              |         |
|    fps             | 1714    |
|    iterations      | 1       |
|    time_elapsed    | 38      |
|    total_timesteps | 4734976 |
--------------------------------
Saved generation 71 to /home/jnn.aurich/kuhhandel-ml/rl/train/models_high_range/selfplay_pool/gen_11
Time elapsed: 112.52 mins

--- Generation 72 ---
Logging to /home/jnn.aurich/kuhhandel-ml/rl/train/tensorboard_logs_high_range/MaskablePPO_0
--------------------------------
| time/              |         |
|    fps             | 1728    |
|    iterations      | 1       |
|    time_elapsed    | 37      |
|    total_timesteps | 4800512 |
--------------------------------
Saved generation 72 to /home/jnn.aurich/kuhhandel-ml/rl/train/models_high_range/selfplay_pool/gen_12
Time elapsed: 114.17 mins

--- Generation 73 ---
Logging to /home/jnn.aurich/kuhhandel-ml/rl/train/tensorboard_logs_high_range/MaskablePPO_0
--------------------------------
| time/              |         |
|    fps             | 1620    |
|    iterations      | 1       |
|    time_elapsed    | 40      |
|    total_timesteps | 4866048 |
--------------------------------
Saved generation 73 to /home/jnn.aurich/kuhhandel-ml/rl/train/models_high_range/selfplay_pool/gen_13
Time elapsed: 115.74 mins

--- Generation 74 ---
Logging to /home/jnn.aurich/kuhhandel-ml/rl/train/tensorboard_logs_high_range/MaskablePPO_0
--------------------------------
| time/              |         |
|    fps             | 1886    |
|    iterations      | 1       |
|    time_elapsed    | 34      |
|    total_timesteps | 4931584 |
--------------------------------
Saved generation 74 to /home/jnn.aurich/kuhhandel-ml/rl/train/models_high_range/selfplay_pool/gen_14
Time elapsed: 117.42 mins

--- Generation 75 ---
Logging to /home/jnn.aurich/kuhhandel-ml/rl/train/tensorboard_logs_high_range/MaskablePPO_0
--------------------------------
| time/              |         |
|    fps             | 1695    |
|    iterations      | 1       |
|    time_elapsed    | 38      |
|    total_timesteps | 4997120 |
--------------------------------
Saved generation 75 to /home/jnn.aurich/kuhhandel-ml/rl/train/models_high_range/selfplay_pool/gen_15
Time elapsed: 119.09 mins

--- Generation 76 ---
Logging to /home/jnn.aurich/kuhhandel-ml/rl/train/tensorboard_logs_high_range/MaskablePPO_0
--------------------------------
| time/              |         |
|    fps             | 1609    |
|    iterations      | 1       |
|    time_elapsed    | 40      |
|    total_timesteps | 5062656 |
--------------------------------
Saved generation 76 to /home/jnn.aurich/kuhhandel-ml/rl/train/models_high_range/selfplay_pool/gen_16
Time elapsed: 120.74 mins

--- Generation 77 ---
Logging to /home/jnn.aurich/kuhhandel-ml/rl/train/tensorboard_logs_high_range/MaskablePPO_0
--------------------------------
| time/              |         |
|    fps             | 1659    |
|    iterations      | 1       |
|    time_elapsed    | 39      |
|    total_timesteps | 5128192 |
--------------------------------
Saved generation 77 to /home/jnn.aurich/kuhhandel-ml/rl/train/models_high_range/selfplay_pool/gen_17
Time elapsed: 122.33 mins

--- Generation 78 ---
Logging to /home/jnn.aurich/kuhhandel-ml/rl/train/tensorboard_logs_high_range/MaskablePPO_0
--------------------------------
| time/              |         |
|    fps             | 1674    |
|    iterations      | 1       |
|    time_elapsed    | 39      |
|    total_timesteps | 5193728 |
--------------------------------
Saved generation 78 to /home/jnn.aurich/kuhhandel-ml/rl/train/models_high_range/selfplay_pool/gen_18
Time elapsed: 123.91 mins

--- Generation 79 ---
Logging to /home/jnn.aurich/kuhhandel-ml/rl/train/tensorboard_logs_high_range/MaskablePPO_0
--------------------------------
| time/              |         |
|    fps             | 1773    |
|    iterations      | 1       |
|    time_elapsed    | 36      |
|    total_timesteps | 5259264 |
--------------------------------
Saved generation 79 to /home/jnn.aurich/kuhhandel-ml/rl/train/models_high_range/selfplay_pool/gen_19
Time elapsed: 125.49 mins

--- Generation 80 ---
Logging to /home/jnn.aurich/kuhhandel-ml/rl/train/tensorboard_logs_high_range/MaskablePPO_0
--------------------------------
| time/              |         |
|    fps             | 1754    |
|    iterations      | 1       |
|    time_elapsed    | 37      |
|    total_timesteps | 5324800 |
--------------------------------
Saved generation 80 to /home/jnn.aurich/kuhhandel-ml/rl/train/models_high_range/selfplay_pool/gen_20
Time elapsed: 127.09 mins

--- Generation 81 ---
Logging to /home/jnn.aurich/kuhhandel-ml/rl/train/tensorboard_logs_high_range/MaskablePPO_0
--------------------------------
| time/              |         |
|    fps             | 1737    |
|    iterations      | 1       |
|    time_elapsed    | 37      |
|    total_timesteps | 5390336 |
--------------------------------
Saved generation 81 to /home/jnn.aurich/kuhhandel-ml/rl/train/models_high_range/selfplay_pool/gen_21
Time elapsed: 128.65 mins

--- Generation 82 ---
Logging to /home/jnn.aurich/kuhhandel-ml/rl/train/tensorboard_logs_high_range/MaskablePPO_0
--------------------------------
| time/              |         |
|    fps             | 1876    |
|    iterations      | 1       |
|    time_elapsed    | 34      |
|    total_timesteps | 5455872 |
--------------------------------
Saved generation 82 to /home/jnn.aurich/kuhhandel-ml/rl/train/models_high_range/selfplay_pool/gen_22
Time elapsed: 130.34 mins

--- Generation 83 ---
Logging to /home/jnn.aurich/kuhhandel-ml/rl/train/tensorboard_logs_high_range/MaskablePPO_0
--------------------------------
| time/              |         |
|    fps             | 1879    |
|    iterations      | 1       |
|    time_elapsed    | 34      |
|    total_timesteps | 5521408 |
--------------------------------
Saved generation 83 to /home/jnn.aurich/kuhhandel-ml/rl/train/models_high_range/selfplay_pool/gen_23
Time elapsed: 132.00 mins

--- Generation 84 ---
Logging to /home/jnn.aurich/kuhhandel-ml/rl/train/tensorboard_logs_high_range/MaskablePPO_0
--------------------------------
| time/              |         |
|    fps             | 1903    |
|    iterations      | 1       |
|    time_elapsed    | 34      |
|    total_timesteps | 5586944 |
--------------------------------
Saved generation 84 to /home/jnn.aurich/kuhhandel-ml/rl/train/models_high_range/selfplay_pool/gen_24
Time elapsed: 133.72 mins

--- Generation 85 ---
Logging to /home/jnn.aurich/kuhhandel-ml/rl/train/tensorboard_logs_high_range/MaskablePPO_0
--------------------------------
| time/              |         |
|    fps             | 1756    |
|    iterations      | 1       |
|    time_elapsed    | 37      |
|    total_timesteps | 5652480 |
--------------------------------
Saved generation 85 to /home/jnn.aurich/kuhhandel-ml/rl/train/models_high_range/selfplay_pool/gen_25
Time elapsed: 135.46 mins

--- Generation 86 ---
Logging to /home/jnn.aurich/kuhhandel-ml/rl/train/tensorboard_logs_high_range/MaskablePPO_0
--------------------------------
| time/              |         |
|    fps             | 1788    |
|    iterations      | 1       |
|    time_elapsed    | 36      |
|    total_timesteps | 5718016 |
--------------------------------
Saved generation 86 to /home/jnn.aurich/kuhhandel-ml/rl/train/models_high_range/selfplay_pool/gen_26
Time elapsed: 137.05 mins

--- Generation 87 ---
Logging to /home/jnn.aurich/kuhhandel-ml/rl/train/tensorboard_logs_high_range/MaskablePPO_0
--------------------------------
| time/              |         |
|    fps             | 1814    |
|    iterations      | 1       |
|    time_elapsed    | 36      |
|    total_timesteps | 5783552 |
--------------------------------
Saved generation 87 to /home/jnn.aurich/kuhhandel-ml/rl/train/models_high_range/selfplay_pool/gen_27
Time elapsed: 138.72 mins

--- Generation 88 ---
Logging to /home/jnn.aurich/kuhhandel-ml/rl/train/tensorboard_logs_high_range/MaskablePPO_0
--------------------------------
| time/              |         |
|    fps             | 1841    |
|    iterations      | 1       |
|    time_elapsed    | 35      |
|    total_timesteps | 5849088 |
--------------------------------
Saved generation 88 to /home/jnn.aurich/kuhhandel-ml/rl/train/models_high_range/selfplay_pool/gen_28
Time elapsed: 140.36 mins

--- Generation 89 ---
Logging to /home/jnn.aurich/kuhhandel-ml/rl/train/tensorboard_logs_high_range/MaskablePPO_0
--------------------------------
| time/              |         |
|    fps             | 1809    |
|    iterations      | 1       |
|    time_elapsed    | 36      |
|    total_timesteps | 5914624 |
--------------------------------
Saved generation 89 to /home/jnn.aurich/kuhhandel-ml/rl/train/models_high_range/selfplay_pool/gen_29
Time elapsed: 142.09 mins

--- Generation 90 ---
Logging to /home/jnn.aurich/kuhhandel-ml/rl/train/tensorboard_logs_high_range/MaskablePPO_0
--------------------------------
| time/              |         |
|    fps             | 1602    |
|    iterations      | 1       |
|    time_elapsed    | 40      |
|    total_timesteps | 5980160 |
--------------------------------
Saved generation 90 to /home/jnn.aurich/kuhhandel-ml/rl/train/models_high_range/selfplay_pool/gen_0
Time elapsed: 143.78 mins

--- Generation 91 ---
Logging to /home/jnn.aurich/kuhhandel-ml/rl/train/tensorboard_logs_high_range/MaskablePPO_0
--------------------------------
| time/              |         |
|    fps             | 1613    |
|    iterations      | 1       |
|    time_elapsed    | 40      |
|    total_timesteps | 6045696 |
--------------------------------
Saved generation 91 to /home/jnn.aurich/kuhhandel-ml/rl/train/models_high_range/selfplay_pool/gen_1
Time elapsed: 145.56 mins

--- Generation 92 ---
Logging to /home/jnn.aurich/kuhhandel-ml/rl/train/tensorboard_logs_high_range/MaskablePPO_0
--------------------------------
| time/              |         |
|    fps             | 1621    |
|    iterations      | 1       |
|    time_elapsed    | 40      |
|    total_timesteps | 6111232 |
--------------------------------
Saved generation 92 to /home/jnn.aurich/kuhhandel-ml/rl/train/models_high_range/selfplay_pool/gen_2
Time elapsed: 147.32 mins

--- Generation 93 ---
Logging to /home/jnn.aurich/kuhhandel-ml/rl/train/tensorboard_logs_high_range/MaskablePPO_0
--------------------------------
| time/              |         |
|    fps             | 1617    |
|    iterations      | 1       |
|    time_elapsed    | 40      |
|    total_timesteps | 6176768 |
--------------------------------
Saved generation 93 to /home/jnn.aurich/kuhhandel-ml/rl/train/models_high_range/selfplay_pool/gen_3
Time elapsed: 149.03 mins

--- Generation 94 ---
Logging to /home/jnn.aurich/kuhhandel-ml/rl/train/tensorboard_logs_high_range/MaskablePPO_0
--------------------------------
| time/              |         |
|    fps             | 1555    |
|    iterations      | 1       |
|    time_elapsed    | 42      |
|    total_timesteps | 6242304 |
--------------------------------
Saved generation 94 to /home/jnn.aurich/kuhhandel-ml/rl/train/models_high_range/selfplay_pool/gen_4
Time elapsed: 150.86 mins

--- Generation 95 ---
Logging to /home/jnn.aurich/kuhhandel-ml/rl/train/tensorboard_logs_high_range/MaskablePPO_0
--------------------------------
| time/              |         |
|    fps             | 1569    |
|    iterations      | 1       |
|    time_elapsed    | 41      |
|    total_timesteps | 6307840 |
--------------------------------
Saved generation 95 to /home/jnn.aurich/kuhhandel-ml/rl/train/models_high_range/selfplay_pool/gen_5
Time elapsed: 152.63 mins

--- Generation 96 ---
Logging to /home/jnn.aurich/kuhhandel-ml/rl/train/tensorboard_logs_high_range/MaskablePPO_0
--------------------------------
| time/              |         |
|    fps             | 1629    |
|    iterations      | 1       |
|    time_elapsed    | 40      |
|    total_timesteps | 6373376 |
--------------------------------
Saved generation 96 to /home/jnn.aurich/kuhhandel-ml/rl/train/models_high_range/selfplay_pool/gen_6
Time elapsed: 154.41 mins

--- Generation 97 ---
Logging to /home/jnn.aurich/kuhhandel-ml/rl/train/tensorboard_logs_high_range/MaskablePPO_0
--------------------------------
| time/              |         |
|    fps             | 1869    |
|    iterations      | 1       |
|    time_elapsed    | 35      |
|    total_timesteps | 6438912 |
--------------------------------
Saved generation 97 to /home/jnn.aurich/kuhhandel-ml/rl/train/models_high_range/selfplay_pool/gen_7
Time elapsed: 156.01 mins

--- Generation 98 ---
Logging to /home/jnn.aurich/kuhhandel-ml/rl/train/tensorboard_logs_high_range/MaskablePPO_0
--------------------------------
| time/              |         |
|    fps             | 1659    |
|    iterations      | 1       |
|    time_elapsed    | 39      |
|    total_timesteps | 6504448 |
--------------------------------
Saved generation 98 to /home/jnn.aurich/kuhhandel-ml/rl/train/models_high_range/selfplay_pool/gen_8
Time elapsed: 157.81 mins

--- Generation 99 ---
Logging to /home/jnn.aurich/kuhhandel-ml/rl/train/tensorboard_logs_high_range/MaskablePPO_0
--------------------------------
| time/              |         |
|    fps             | 1540    |
|    iterations      | 1       |
|    time_elapsed    | 42      |
|    total_timesteps | 6569984 |
--------------------------------
Saved generation 99 to /home/jnn.aurich/kuhhandel-ml/rl/train/models_high_range/selfplay_pool/gen_9
Time elapsed: 159.55 mins

--- Generation 100 ---
Logging to /home/jnn.aurich/kuhhandel-ml/rl/train/tensorboard_logs_high_range/MaskablePPO_0
--------------------------------
| time/              |         |
|    fps             | 1536    |
|    iterations      | 1       |
|    time_elapsed    | 42      |
|    total_timesteps | 6635520 |
--------------------------------
Saved generation 100 to /home/jnn.aurich/kuhhandel-ml/rl/train/models_high_range/selfplay_pool/gen_10
Time elapsed: 161.55 mins

--- Generation 101 ---
Logging to /home/jnn.aurich/kuhhandel-ml/rl/train/tensorboard_logs_high_range/MaskablePPO_0
--------------------------------
| time/              |         |
|    fps             | 1751    |
|    iterations      | 1       |
|    time_elapsed    | 37      |
|    total_timesteps | 6701056 |
--------------------------------
Saved generation 101 to /home/jnn.aurich/kuhhandel-ml/rl/train/models_high_range/selfplay_pool/gen_11
Time elapsed: 163.23 mins

--- Generation 102 ---
Logging to /home/jnn.aurich/kuhhandel-ml/rl/train/tensorboard_logs_high_range/MaskablePPO_0
--------------------------------
| time/              |         |
|    fps             | 1739    |
|    iterations      | 1       |
|    time_elapsed    | 37      |
|    total_timesteps | 6766592 |
--------------------------------
Saved generation 102 to /home/jnn.aurich/kuhhandel-ml/rl/train/models_high_range/selfplay_pool/gen_12
Time elapsed: 165.00 mins

--- Generation 103 ---
Logging to /home/jnn.aurich/kuhhandel-ml/rl/train/tensorboard_logs_high_range/MaskablePPO_0
--------------------------------
| time/              |         |
|    fps             | 1674    |
|    iterations      | 1       |
|    time_elapsed    | 39      |
|    total_timesteps | 6832128 |
--------------------------------
Saved generation 103 to /home/jnn.aurich/kuhhandel-ml/rl/train/models_high_range/selfplay_pool/gen_13
Time elapsed: 166.73 mins

--- Generation 104 ---
Logging to /home/jnn.aurich/kuhhandel-ml/rl/train/tensorboard_logs_high_range/MaskablePPO_0
--------------------------------
| time/              |         |
|    fps             | 1517    |
|    iterations      | 1       |
|    time_elapsed    | 43      |
|    total_timesteps | 6897664 |
--------------------------------
Saved generation 104 to /home/jnn.aurich/kuhhandel-ml/rl/train/models_high_range/selfplay_pool/gen_14
Time elapsed: 168.69 mins

--- Generation 105 ---
Logging to /home/jnn.aurich/kuhhandel-ml/rl/train/tensorboard_logs_high_range/MaskablePPO_0
--------------------------------
| time/              |         |
|    fps             | 1685    |
|    iterations      | 1       |
|    time_elapsed    | 38      |
|    total_timesteps | 6963200 |
--------------------------------
Saved generation 105 to /home/jnn.aurich/kuhhandel-ml/rl/train/models_high_range/selfplay_pool/gen_15
Time elapsed: 170.47 mins

--- Generation 106 ---
Logging to /home/jnn.aurich/kuhhandel-ml/rl/train/tensorboard_logs_high_range/MaskablePPO_0
--------------------------------
| time/              |         |
|    fps             | 1528    |
|    iterations      | 1       |
|    time_elapsed    | 42      |
|    total_timesteps | 7028736 |
--------------------------------
Saved generation 106 to /home/jnn.aurich/kuhhandel-ml/rl/train/models_high_range/selfplay_pool/gen_16
Time elapsed: 172.45 mins

--- Generation 107 ---
Logging to /home/jnn.aurich/kuhhandel-ml/rl/train/tensorboard_logs_high_range/MaskablePPO_0
--------------------------------
| time/              |         |
|    fps             | 1569    |
|    iterations      | 1       |
|    time_elapsed    | 41      |
|    total_timesteps | 7094272 |
--------------------------------
Saved generation 107 to /home/jnn.aurich/kuhhandel-ml/rl/train/models_high_range/selfplay_pool/gen_17
Time elapsed: 174.46 mins

--- Generation 108 ---
Logging to /home/jnn.aurich/kuhhandel-ml/rl/train/tensorboard_logs_high_range/MaskablePPO_0
--------------------------------
| time/              |         |
|    fps             | 1448    |
|    iterations      | 1       |
|    time_elapsed    | 45      |
|    total_timesteps | 7159808 |
--------------------------------
Saved generation 108 to /home/jnn.aurich/kuhhandel-ml/rl/train/models_high_range/selfplay_pool/gen_18
Time elapsed: 176.43 mins

--- Generation 109 ---
Logging to /home/jnn.aurich/kuhhandel-ml/rl/train/tensorboard_logs_high_range/MaskablePPO_0
--------------------------------
| time/              |         |
|    fps             | 1304    |
|    iterations      | 1       |
|    time_elapsed    | 50      |
|    total_timesteps | 7225344 |
--------------------------------
Saved generation 109 to /home/jnn.aurich/kuhhandel-ml/rl/train/models_high_range/selfplay_pool/gen_19
Time elapsed: 178.29 mins

--- Generation 110 ---
Logging to /home/jnn.aurich/kuhhandel-ml/rl/train/tensorboard_logs_high_range/MaskablePPO_0
--------------------------------
| time/              |         |
|    fps             | 1298    |
|    iterations      | 1       |
|    time_elapsed    | 50      |
|    total_timesteps | 7290880 |
--------------------------------
Saved generation 110 to /home/jnn.aurich/kuhhandel-ml/rl/train/models_high_range/selfplay_pool/gen_20
Time elapsed: 180.22 mins

--- Generation 111 ---
Logging to /home/jnn.aurich/kuhhandel-ml/rl/train/tensorboard_logs_high_range/MaskablePPO_0
--------------------------------
| time/              |         |
|    fps             | 1242    |
|    iterations      | 1       |
|    time_elapsed    | 52      |
|    total_timesteps | 7356416 |
--------------------------------
Saved generation 111 to /home/jnn.aurich/kuhhandel-ml/rl/train/models_high_range/selfplay_pool/gen_21
Time elapsed: 182.42 mins

--- Generation 112 ---
Logging to /home/jnn.aurich/kuhhandel-ml/rl/train/tensorboard_logs_high_range/MaskablePPO_0
--------------------------------
| time/              |         |
|    fps             | 1374    |
|    iterations      | 1       |
|    time_elapsed    | 47      |
|    total_timesteps | 7421952 |
--------------------------------
Saved generation 112 to /home/jnn.aurich/kuhhandel-ml/rl/train/models_high_range/selfplay_pool/gen_22
Time elapsed: 184.27 mins

--- Generation 113 ---
Logging to /home/jnn.aurich/kuhhandel-ml/rl/train/tensorboard_logs_high_range/MaskablePPO_0
--------------------------------
| time/              |         |
|    fps             | 1335    |
|    iterations      | 1       |
|    time_elapsed    | 49      |
|    total_timesteps | 7487488 |
--------------------------------
Saved generation 113 to /home/jnn.aurich/kuhhandel-ml/rl/train/models_high_range/selfplay_pool/gen_23
Time elapsed: 186.21 mins

--- Generation 114 ---
Logging to /home/jnn.aurich/kuhhandel-ml/rl/train/tensorboard_logs_high_range/MaskablePPO_0
--------------------------------
| time/              |         |
|    fps             | 1399    |
|    iterations      | 1       |
|    time_elapsed    | 46      |
|    total_timesteps | 7553024 |
--------------------------------
Saved generation 114 to /home/jnn.aurich/kuhhandel-ml/rl/train/models_high_range/selfplay_pool/gen_24
Time elapsed: 188.16 mins

--- Generation 115 ---
Logging to /home/jnn.aurich/kuhhandel-ml/rl/train/tensorboard_logs_high_range/MaskablePPO_0
--------------------------------
| time/              |         |
|    fps             | 1443    |
|    iterations      | 1       |
|    time_elapsed    | 45      |
|    total_timesteps | 7618560 |
--------------------------------
Saved generation 115 to /home/jnn.aurich/kuhhandel-ml/rl/train/models_high_range/selfplay_pool/gen_25
Time elapsed: 190.05 mins

--- Generation 116 ---
Logging to /home/jnn.aurich/kuhhandel-ml/rl/train/tensorboard_logs_high_range/MaskablePPO_0
--------------------------------
| time/              |         |
|    fps             | 1365    |
|    iterations      | 1       |
|    time_elapsed    | 47      |
|    total_timesteps | 7684096 |
--------------------------------
Saved generation 116 to /home/jnn.aurich/kuhhandel-ml/rl/train/models_high_range/selfplay_pool/gen_26
Time elapsed: 191.90 mins

--- Generation 117 ---
Logging to /home/jnn.aurich/kuhhandel-ml/rl/train/tensorboard_logs_high_range/MaskablePPO_0
--------------------------------
| time/              |         |
|    fps             | 1361    |
|    iterations      | 1       |
|    time_elapsed    | 48      |
|    total_timesteps | 7749632 |
--------------------------------
Saved generation 117 to /home/jnn.aurich/kuhhandel-ml/rl/train/models_high_range/selfplay_pool/gen_27
Time elapsed: 193.72 mins

--- Generation 118 ---
Logging to /home/jnn.aurich/kuhhandel-ml/rl/train/tensorboard_logs_high_range/MaskablePPO_0
--------------------------------
| time/              |         |
|    fps             | 1296    |
|    iterations      | 1       |
|    time_elapsed    | 50      |
|    total_timesteps | 7815168 |
--------------------------------
Saved generation 118 to /home/jnn.aurich/kuhhandel-ml/rl/train/models_high_range/selfplay_pool/gen_28
Time elapsed: 195.71 mins

--- Generation 119 ---
Logging to /home/jnn.aurich/kuhhandel-ml/rl/train/tensorboard_logs_high_range/MaskablePPO_0
--------------------------------
| time/              |         |
|    fps             | 1242    |
|    iterations      | 1       |
|    time_elapsed    | 52      |
|    total_timesteps | 7880704 |
--------------------------------
Saved generation 119 to /home/jnn.aurich/kuhhandel-ml/rl/train/models_high_range/selfplay_pool/gen_29
Time elapsed: 197.78 mins

--- Generation 120 ---
Logging to /home/jnn.aurich/kuhhandel-ml/rl/train/tensorboard_logs_high_range/MaskablePPO_0
--------------------------------
| time/              |         |
|    fps             | 1295    |
|    iterations      | 1       |
|    time_elapsed    | 50      |
|    total_timesteps | 7946240 |
--------------------------------
Saved generation 120 to /home/jnn.aurich/kuhhandel-ml/rl/train/models_high_range/selfplay_pool/gen_0
Time elapsed: 199.88 mins

--- Generation 121 ---
Logging to /home/jnn.aurich/kuhhandel-ml/rl/train/tensorboard_logs_high_range/MaskablePPO_0
--------------------------------
| time/              |         |
|    fps             | 1159    |
|    iterations      | 1       |
|    time_elapsed    | 56      |
|    total_timesteps | 8011776 |
--------------------------------
Saved generation 121 to /home/jnn.aurich/kuhhandel-ml/rl/train/models_high_range/selfplay_pool/gen_1
Time elapsed: 202.01 mins

--- Generation 122 ---
Logging to /home/jnn.aurich/kuhhandel-ml/rl/train/tensorboard_logs_high_range/MaskablePPO_0
--------------------------------
| time/              |         |
|    fps             | 1103    |
|    iterations      | 1       |
|    time_elapsed    | 59      |
|    total_timesteps | 8077312 |
--------------------------------
Saved generation 122 to /home/jnn.aurich/kuhhandel-ml/rl/train/models_high_range/selfplay_pool/gen_2
Time elapsed: 204.14 mins

--- Generation 123 ---
Logging to /home/jnn.aurich/kuhhandel-ml/rl/train/tensorboard_logs_high_range/MaskablePPO_0
--------------------------------
| time/              |         |
|    fps             | 1177    |
|    iterations      | 1       |
|    time_elapsed    | 55      |
|    total_timesteps | 8142848 |
--------------------------------
Saved generation 123 to /home/jnn.aurich/kuhhandel-ml/rl/train/models_high_range/selfplay_pool/gen_3
Time elapsed: 206.34 mins

--- Generation 124 ---
Logging to /home/jnn.aurich/kuhhandel-ml/rl/train/tensorboard_logs_high_range/MaskablePPO_0
--------------------------------
| time/              |         |
|    fps             | 1115    |
|    iterations      | 1       |
|    time_elapsed    | 58      |
|    total_timesteps | 8208384 |
--------------------------------
Saved generation 124 to /home/jnn.aurich/kuhhandel-ml/rl/train/models_high_range/selfplay_pool/gen_4
Time elapsed: 208.52 mins

--- Generation 125 ---
Logging to /home/jnn.aurich/kuhhandel-ml/rl/train/tensorboard_logs_high_range/MaskablePPO_0
--------------------------------
| time/              |         |
|    fps             | 1127    |
|    iterations      | 1       |
|    time_elapsed    | 58      |
|    total_timesteps | 8273920 |
--------------------------------
Saved generation 125 to /home/jnn.aurich/kuhhandel-ml/rl/train/models_high_range/selfplay_pool/gen_5
Time elapsed: 210.81 mins

--- Generation 126 ---
Logging to /home/jnn.aurich/kuhhandel-ml/rl/train/tensorboard_logs_high_range/MaskablePPO_0
--------------------------------
| time/              |         |
|    fps             | 1035    |
|    iterations      | 1       |
|    time_elapsed    | 63      |
|    total_timesteps | 8339456 |
--------------------------------
Saved generation 126 to /home/jnn.aurich/kuhhandel-ml/rl/train/models_high_range/selfplay_pool/gen_6
Time elapsed: 213.43 mins

--- Generation 127 ---
Logging to /home/jnn.aurich/kuhhandel-ml/rl/train/tensorboard_logs_high_range/MaskablePPO_0
--------------------------------
| time/              |         |
|    fps             | 1038    |
|    iterations      | 1       |
|    time_elapsed    | 63      |
|    total_timesteps | 8404992 |
--------------------------------
Saved generation 127 to /home/jnn.aurich/kuhhandel-ml/rl/train/models_high_range/selfplay_pool/gen_7
Time elapsed: 216.14 mins

--- Generation 128 ---
Logging to /home/jnn.aurich/kuhhandel-ml/rl/train/tensorboard_logs_high_range/MaskablePPO_0
--------------------------------
| time/              |         |
|    fps             | 1177    |
|    iterations      | 1       |
|    time_elapsed    | 55      |
|    total_timesteps | 8470528 |
--------------------------------
Saved generation 128 to /home/jnn.aurich/kuhhandel-ml/rl/train/models_high_range/selfplay_pool/gen_8
Time elapsed: 218.62 mins

--- Generation 129 ---
Logging to /home/jnn.aurich/kuhhandel-ml/rl/train/tensorboard_logs_high_range/MaskablePPO_0
--------------------------------
| time/              |         |
|    fps             | 991     |
|    iterations      | 1       |
|    time_elapsed    | 66      |
|    total_timesteps | 8536064 |
--------------------------------
Saved generation 129 to /home/jnn.aurich/kuhhandel-ml/rl/train/models_high_range/selfplay_pool/gen_9
Time elapsed: 221.28 mins

--- Generation 130 ---
Logging to /home/jnn.aurich/kuhhandel-ml/rl/train/tensorboard_logs_high_range/MaskablePPO_0
--------------------------------
| time/              |         |
|    fps             | 1120    |
|    iterations      | 1       |
|    time_elapsed    | 58      |
|    total_timesteps | 8601600 |
--------------------------------
Saved generation 130 to /home/jnn.aurich/kuhhandel-ml/rl/train/models_high_range/selfplay_pool/gen_10
Time elapsed: 223.75 mins

--- Generation 131 ---
Logging to /home/jnn.aurich/kuhhandel-ml/rl/train/tensorboard_logs_high_range/MaskablePPO_0
--------------------------------
| time/              |         |
|    fps             | 1054    |
|    iterations      | 1       |
|    time_elapsed    | 62      |
|    total_timesteps | 8667136 |
--------------------------------
Saved generation 131 to /home/jnn.aurich/kuhhandel-ml/rl/train/models_high_range/selfplay_pool/gen_11
Time elapsed: 226.12 mins

--- Generation 132 ---
Logging to /home/jnn.aurich/kuhhandel-ml/rl/train/tensorboard_logs_high_range/MaskablePPO_0
--------------------------------
| time/              |         |
|    fps             | 936     |
|    iterations      | 1       |
|    time_elapsed    | 69      |
|    total_timesteps | 8732672 |
--------------------------------
Saved generation 132 to /home/jnn.aurich/kuhhandel-ml/rl/train/models_high_range/selfplay_pool/gen_12
Time elapsed: 228.93 mins

--- Generation 133 ---
Logging to /home/jnn.aurich/kuhhandel-ml/rl/train/tensorboard_logs_high_range/MaskablePPO_0
--------------------------------
| time/              |         |
|    fps             | 846     |
|    iterations      | 1       |
|    time_elapsed    | 77      |
|    total_timesteps | 8798208 |
--------------------------------
Saved generation 133 to /home/jnn.aurich/kuhhandel-ml/rl/train/models_high_range/selfplay_pool/gen_13
Time elapsed: 231.42 mins

--- Generation 134 ---
Logging to /home/jnn.aurich/kuhhandel-ml/rl/train/tensorboard_logs_high_range/MaskablePPO_0
--------------------------------
| time/              |         |
|    fps             | 850     |
|    iterations      | 1       |
|    time_elapsed    | 77      |
|    total_timesteps | 8863744 |
--------------------------------
Saved generation 134 to /home/jnn.aurich/kuhhandel-ml/rl/train/models_high_range/selfplay_pool/gen_14
Time elapsed: 234.46 mins

--- Generation 135 ---
Logging to /home/jnn.aurich/kuhhandel-ml/rl/train/tensorboard_logs_high_range/MaskablePPO_0
--------------------------------
| time/              |         |
|    fps             | 898     |
|    iterations      | 1       |
|    time_elapsed    | 72      |
|    total_timesteps | 8929280 |
--------------------------------
Saved generation 135 to /home/jnn.aurich/kuhhandel-ml/rl/train/models_high_range/selfplay_pool/gen_15
Time elapsed: 237.26 mins

--- Generation 136 ---
Logging to /home/jnn.aurich/kuhhandel-ml/rl/train/tensorboard_logs_high_range/MaskablePPO_0
--------------------------------
| time/              |         |
|    fps             | 889     |
|    iterations      | 1       |
|    time_elapsed    | 73      |
|    total_timesteps | 8994816 |
--------------------------------
Saved generation 136 to /home/jnn.aurich/kuhhandel-ml/rl/train/models_high_range/selfplay_pool/gen_16
Time elapsed: 239.96 mins

--- Generation 137 ---
Logging to /home/jnn.aurich/kuhhandel-ml/rl/train/tensorboard_logs_high_range/MaskablePPO_0
--------------------------------
| time/              |         |
|    fps             | 899     |
|    iterations      | 1       |
|    time_elapsed    | 72      |
|    total_timesteps | 9060352 |
--------------------------------
Saved generation 137 to /home/jnn.aurich/kuhhandel-ml/rl/train/models_high_range/selfplay_pool/gen_17
Time elapsed: 243.07 mins

--- Generation 138 ---
Logging to /home/jnn.aurich/kuhhandel-ml/rl/train/tensorboard_logs_high_range/MaskablePPO_0
--------------------------------
| time/              |         |
|    fps             | 946     |
|    iterations      | 1       |
|    time_elapsed    | 69      |
|    total_timesteps | 9125888 |
--------------------------------
Saved generation 138 to /home/jnn.aurich/kuhhandel-ml/rl/train/models_high_range/selfplay_pool/gen_18
Time elapsed: 245.64 mins

--- Generation 139 ---
Logging to /home/jnn.aurich/kuhhandel-ml/rl/train/tensorboard_logs_high_range/MaskablePPO_0
--------------------------------
| time/              |         |
|    fps             | 914     |
|    iterations      | 1       |
|    time_elapsed    | 71      |
|    total_timesteps | 9191424 |
--------------------------------
Saved generation 139 to /home/jnn.aurich/kuhhandel-ml/rl/train/models_high_range/selfplay_pool/gen_19
Time elapsed: 248.40 mins

--- Generation 140 ---
Logging to /home/jnn.aurich/kuhhandel-ml/rl/train/tensorboard_logs_high_range/MaskablePPO_0
--------------------------------
| time/              |         |
|    fps             | 849     |
|    iterations      | 1       |
|    time_elapsed    | 77      |
|    total_timesteps | 9256960 |
--------------------------------
Saved generation 140 to /home/jnn.aurich/kuhhandel-ml/rl/train/models_high_range/selfplay_pool/gen_20
Time elapsed: 251.11 mins

--- Generation 141 ---
Logging to /home/jnn.aurich/kuhhandel-ml/rl/train/tensorboard_logs_high_range/MaskablePPO_0
--------------------------------
| time/              |         |
|    fps             | 842     |
|    iterations      | 1       |
|    time_elapsed    | 77      |
|    total_timesteps | 9322496 |
--------------------------------
Saved generation 141 to /home/jnn.aurich/kuhhandel-ml/rl/train/models_high_range/selfplay_pool/gen_21
Time elapsed: 253.91 mins

--- Generation 142 ---
Logging to /home/jnn.aurich/kuhhandel-ml/rl/train/tensorboard_logs_high_range/MaskablePPO_0
--------------------------------
| time/              |         |
|    fps             | 863     |
|    iterations      | 1       |
|    time_elapsed    | 75      |
|    total_timesteps | 9388032 |
--------------------------------
Saved generation 142 to /home/jnn.aurich/kuhhandel-ml/rl/train/models_high_range/selfplay_pool/gen_22
Time elapsed: 256.68 mins

--- Generation 143 ---
Logging to /home/jnn.aurich/kuhhandel-ml/rl/train/tensorboard_logs_high_range/MaskablePPO_0
--------------------------------
| time/              |         |
|    fps             | 835     |
|    iterations      | 1       |
|    time_elapsed    | 78      |
|    total_timesteps | 9453568 |
--------------------------------
Saved generation 143 to /home/jnn.aurich/kuhhandel-ml/rl/train/models_high_range/selfplay_pool/gen_23
Time elapsed: 259.64 mins

--- Generation 144 ---
Logging to /home/jnn.aurich/kuhhandel-ml/rl/train/tensorboard_logs_high_range/MaskablePPO_0
--------------------------------
| time/              |         |
|    fps             | 901     |
|    iterations      | 1       |
|    time_elapsed    | 72      |
|    total_timesteps | 9519104 |
--------------------------------
Saved generation 144 to /home/jnn.aurich/kuhhandel-ml/rl/train/models_high_range/selfplay_pool/gen_24
Time elapsed: 262.41 mins

--- Generation 145 ---
Logging to /home/jnn.aurich/kuhhandel-ml/rl/train/tensorboard_logs_high_range/MaskablePPO_0
--------------------------------
| time/              |         |
|    fps             | 908     |
|    iterations      | 1       |
|    time_elapsed    | 72      |
|    total_timesteps | 9584640 |
--------------------------------
Saved generation 145 to /home/jnn.aurich/kuhhandel-ml/rl/train/models_high_range/selfplay_pool/gen_25
Time elapsed: 265.22 mins

--- Generation 146 ---
Logging to /home/jnn.aurich/kuhhandel-ml/rl/train/tensorboard_logs_high_range/MaskablePPO_0
--------------------------------
| time/              |         |
|    fps             | 913     |
|    iterations      | 1       |
|    time_elapsed    | 71      |
|    total_timesteps | 9650176 |
--------------------------------
Saved generation 146 to /home/jnn.aurich/kuhhandel-ml/rl/train/models_high_range/selfplay_pool/gen_26
Time elapsed: 268.06 mins

--- Generation 147 ---
Logging to /home/jnn.aurich/kuhhandel-ml/rl/train/tensorboard_logs_high_range/MaskablePPO_0
--------------------------------
| time/              |         |
|    fps             | 919     |
|    iterations      | 1       |
|    time_elapsed    | 71      |
|    total_timesteps | 9715712 |
--------------------------------
Saved generation 147 to /home/jnn.aurich/kuhhandel-ml/rl/train/models_high_range/selfplay_pool/gen_27
Time elapsed: 271.04 mins

--- Generation 148 ---
Logging to /home/jnn.aurich/kuhhandel-ml/rl/train/tensorboard_logs_high_range/MaskablePPO_0
--------------------------------
| time/              |         |
|    fps             | 923     |
|    iterations      | 1       |
|    time_elapsed    | 71      |
|    total_timesteps | 9781248 |
--------------------------------
Saved generation 148 to /home/jnn.aurich/kuhhandel-ml/rl/train/models_high_range/selfplay_pool/gen_28
Time elapsed: 273.93 mins

--- Generation 149 ---
Logging to /home/jnn.aurich/kuhhandel-ml/rl/train/tensorboard_logs_high_range/MaskablePPO_0
--------------------------------
| time/              |         |
|    fps             | 927     |
|    iterations      | 1       |
|    time_elapsed    | 70      |
|    total_timesteps | 9846784 |
--------------------------------
Saved generation 149 to /home/jnn.aurich/kuhhandel-ml/rl/train/models_high_range/selfplay_pool/gen_29
Time elapsed: 276.83 mins

--- Generation 150 ---
Logging to /home/jnn.aurich/kuhhandel-ml/rl/train/tensorboard_logs_high_range/MaskablePPO_0
--------------------------------
| time/              |         |
|    fps             | 930     |
|    iterations      | 1       |
|    time_elapsed    | 70      |
|    total_timesteps | 9912320 |
--------------------------------
Saved generation 150 to /home/jnn.aurich/kuhhandel-ml/rl/train/models_high_range/selfplay_pool/gen_0
Time elapsed: 279.74 mins
Training loop finished in 279.74 minutes. Model saved to /home/jnn.aurich/kuhhandel-ml/rl/train/models_high_range/kuhhandel_ppo_final
