Starting Self-Play Training with 32 parallel environments...
Using ITP Configuration
Configuration:
  Gens: 150, Steps: 60000, Envs: 32, Reward Config: Default
  Hyperparams: default (epsilon=0.2, lr=0.0003)
  Model Dir: /home/jnn.aurich/kuhhandel-ml/rl/train/models_default
  Log Dir: /home/jnn.aurich/kuhhandel-ml/rl/train/logs_default
Creating new model
Using cpu device

--- Generation 1 ---
Logging to /home/jnn.aurich/kuhhandel-ml/rl/train/tensorboard_logs_default/MaskablePPO_0
------------------------------
| time/              |       |
|    fps             | 1755  |
|    iterations      | 1     |
|    time_elapsed    | 37    |
|    total_timesteps | 65536 |
------------------------------
Saved generation 1 to /home/jnn.aurich/kuhhandel-ml/rl/train/models_default/selfplay_pool/gen_1
Time elapsed: 1.55 mins

--- Generation 2 ---
Logging to /home/jnn.aurich/kuhhandel-ml/rl/train/tensorboard_logs_default/MaskablePPO_0
-------------------------------
| time/              |        |
|    fps             | 1753   |
|    iterations      | 1      |
|    time_elapsed    | 37     |
|    total_timesteps | 131072 |
-------------------------------
Saved generation 2 to /home/jnn.aurich/kuhhandel-ml/rl/train/models_default/selfplay_pool/gen_2
Time elapsed: 3.05 mins

--- Generation 3 ---
Logging to /home/jnn.aurich/kuhhandel-ml/rl/train/tensorboard_logs_default/MaskablePPO_0
-------------------------------
| time/              |        |
|    fps             | 1760   |
|    iterations      | 1      |
|    time_elapsed    | 37     |
|    total_timesteps | 196608 |
-------------------------------
Saved generation 3 to /home/jnn.aurich/kuhhandel-ml/rl/train/models_default/selfplay_pool/gen_3
Time elapsed: 4.68 mins

--- Generation 4 ---
Logging to /home/jnn.aurich/kuhhandel-ml/rl/train/tensorboard_logs_default/MaskablePPO_0
-------------------------------
| time/              |        |
|    fps             | 2337   |
|    iterations      | 1      |
|    time_elapsed    | 28     |
|    total_timesteps | 262144 |
-------------------------------
Saved generation 4 to /home/jnn.aurich/kuhhandel-ml/rl/train/models_default/selfplay_pool/gen_4
Time elapsed: 6.06 mins

--- Generation 5 ---
Logging to /home/jnn.aurich/kuhhandel-ml/rl/train/tensorboard_logs_default/MaskablePPO_0
-------------------------------
| time/              |        |
|    fps             | 2415   |
|    iterations      | 1      |
|    time_elapsed    | 27     |
|    total_timesteps | 327680 |
-------------------------------
Saved generation 5 to /home/jnn.aurich/kuhhandel-ml/rl/train/models_default/selfplay_pool/gen_5
Time elapsed: 7.50 mins

--- Generation 6 ---
Logging to /home/jnn.aurich/kuhhandel-ml/rl/train/tensorboard_logs_default/MaskablePPO_0
-------------------------------
| time/              |        |
|    fps             | 2458   |
|    iterations      | 1      |
|    time_elapsed    | 26     |
|    total_timesteps | 393216 |
-------------------------------
Saved generation 6 to /home/jnn.aurich/kuhhandel-ml/rl/train/models_default/selfplay_pool/gen_6
Time elapsed: 8.85 mins

--- Generation 7 ---
Logging to /home/jnn.aurich/kuhhandel-ml/rl/train/tensorboard_logs_default/MaskablePPO_0
-------------------------------
| time/              |        |
|    fps             | 2164   |
|    iterations      | 1      |
|    time_elapsed    | 30     |
|    total_timesteps | 458752 |
-------------------------------
Saved generation 7 to /home/jnn.aurich/kuhhandel-ml/rl/train/models_default/selfplay_pool/gen_7
Time elapsed: 10.26 mins

--- Generation 8 ---
Logging to /home/jnn.aurich/kuhhandel-ml/rl/train/tensorboard_logs_default/MaskablePPO_0
-------------------------------
| time/              |        |
|    fps             | 1951   |
|    iterations      | 1      |
|    time_elapsed    | 33     |
|    total_timesteps | 524288 |
-------------------------------
Saved generation 8 to /home/jnn.aurich/kuhhandel-ml/rl/train/models_default/selfplay_pool/gen_8
Time elapsed: 11.74 mins

--- Generation 9 ---
Logging to /home/jnn.aurich/kuhhandel-ml/rl/train/tensorboard_logs_default/MaskablePPO_0
-------------------------------
| time/              |        |
|    fps             | 2098   |
|    iterations      | 1      |
|    time_elapsed    | 31     |
|    total_timesteps | 589824 |
-------------------------------
Saved generation 9 to /home/jnn.aurich/kuhhandel-ml/rl/train/models_default/selfplay_pool/gen_9
Time elapsed: 13.19 mins

--- Generation 10 ---
Logging to /home/jnn.aurich/kuhhandel-ml/rl/train/tensorboard_logs_default/MaskablePPO_0
-------------------------------
| time/              |        |
|    fps             | 1947   |
|    iterations      | 1      |
|    time_elapsed    | 33     |
|    total_timesteps | 655360 |
-------------------------------
Saved generation 10 to /home/jnn.aurich/kuhhandel-ml/rl/train/models_default/selfplay_pool/gen_10
Time elapsed: 14.69 mins

--- Generation 11 ---
Logging to /home/jnn.aurich/kuhhandel-ml/rl/train/tensorboard_logs_default/MaskablePPO_0
-------------------------------
| time/              |        |
|    fps             | 2235   |
|    iterations      | 1      |
|    time_elapsed    | 29     |
|    total_timesteps | 720896 |
-------------------------------
Saved generation 11 to /home/jnn.aurich/kuhhandel-ml/rl/train/models_default/selfplay_pool/gen_11
Time elapsed: 16.13 mins

--- Generation 12 ---
Logging to /home/jnn.aurich/kuhhandel-ml/rl/train/tensorboard_logs_default/MaskablePPO_0
-------------------------------
| time/              |        |
|    fps             | 2134   |
|    iterations      | 1      |
|    time_elapsed    | 30     |
|    total_timesteps | 786432 |
-------------------------------
Saved generation 12 to /home/jnn.aurich/kuhhandel-ml/rl/train/models_default/selfplay_pool/gen_12
Time elapsed: 17.69 mins

--- Generation 13 ---
Logging to /home/jnn.aurich/kuhhandel-ml/rl/train/tensorboard_logs_default/MaskablePPO_0
-------------------------------
| time/              |        |
|    fps             | 2320   |
|    iterations      | 1      |
|    time_elapsed    | 28     |
|    total_timesteps | 851968 |
-------------------------------
Saved generation 13 to /home/jnn.aurich/kuhhandel-ml/rl/train/models_default/selfplay_pool/gen_13
Time elapsed: 19.16 mins

--- Generation 14 ---
Logging to /home/jnn.aurich/kuhhandel-ml/rl/train/tensorboard_logs_default/MaskablePPO_0
-------------------------------
| time/              |        |
|    fps             | 2250   |
|    iterations      | 1      |
|    time_elapsed    | 29     |
|    total_timesteps | 917504 |
-------------------------------
Saved generation 14 to /home/jnn.aurich/kuhhandel-ml/rl/train/models_default/selfplay_pool/gen_14
Time elapsed: 20.56 mins

--- Generation 15 ---
Logging to /home/jnn.aurich/kuhhandel-ml/rl/train/tensorboard_logs_default/MaskablePPO_0
-------------------------------
| time/              |        |
|    fps             | 2553   |
|    iterations      | 1      |
|    time_elapsed    | 25     |
|    total_timesteps | 983040 |
-------------------------------
Saved generation 15 to /home/jnn.aurich/kuhhandel-ml/rl/train/models_default/selfplay_pool/gen_15
Time elapsed: 22.02 mins

--- Generation 16 ---
Logging to /home/jnn.aurich/kuhhandel-ml/rl/train/tensorboard_logs_default/MaskablePPO_0
--------------------------------
| time/              |         |
|    fps             | 2427    |
|    iterations      | 1       |
|    time_elapsed    | 26      |
|    total_timesteps | 1048576 |
--------------------------------
Saved generation 16 to /home/jnn.aurich/kuhhandel-ml/rl/train/models_default/selfplay_pool/gen_16
Time elapsed: 23.43 mins

--- Generation 17 ---
Logging to /home/jnn.aurich/kuhhandel-ml/rl/train/tensorboard_logs_default/MaskablePPO_0
--------------------------------
| time/              |         |
|    fps             | 2362    |
|    iterations      | 1       |
|    time_elapsed    | 27      |
|    total_timesteps | 1114112 |
--------------------------------
Saved generation 17 to /home/jnn.aurich/kuhhandel-ml/rl/train/models_default/selfplay_pool/gen_17
Time elapsed: 24.84 mins

--- Generation 18 ---
Logging to /home/jnn.aurich/kuhhandel-ml/rl/train/tensorboard_logs_default/MaskablePPO_0
--------------------------------
| time/              |         |
|    fps             | 2485    |
|    iterations      | 1       |
|    time_elapsed    | 26      |
|    total_timesteps | 1179648 |
--------------------------------
Saved generation 18 to /home/jnn.aurich/kuhhandel-ml/rl/train/models_default/selfplay_pool/gen_18
Time elapsed: 26.31 mins

--- Generation 19 ---
Logging to /home/jnn.aurich/kuhhandel-ml/rl/train/tensorboard_logs_default/MaskablePPO_0
--------------------------------
| time/              |         |
|    fps             | 2310    |
|    iterations      | 1       |
|    time_elapsed    | 28      |
|    total_timesteps | 1245184 |
--------------------------------
Saved generation 19 to /home/jnn.aurich/kuhhandel-ml/rl/train/models_default/selfplay_pool/gen_19
Time elapsed: 27.80 mins

--- Generation 20 ---
Logging to /home/jnn.aurich/kuhhandel-ml/rl/train/tensorboard_logs_default/MaskablePPO_0
--------------------------------
| time/              |         |
|    fps             | 2399    |
|    iterations      | 1       |
|    time_elapsed    | 27      |
|    total_timesteps | 1310720 |
--------------------------------
Saved generation 20 to /home/jnn.aurich/kuhhandel-ml/rl/train/models_default/selfplay_pool/gen_20
Time elapsed: 29.15 mins

--- Generation 21 ---
Logging to /home/jnn.aurich/kuhhandel-ml/rl/train/tensorboard_logs_default/MaskablePPO_0
--------------------------------
| time/              |         |
|    fps             | 2017    |
|    iterations      | 1       |
|    time_elapsed    | 32      |
|    total_timesteps | 1376256 |
--------------------------------
Saved generation 21 to /home/jnn.aurich/kuhhandel-ml/rl/train/models_default/selfplay_pool/gen_21
Time elapsed: 30.62 mins

--- Generation 22 ---
Logging to /home/jnn.aurich/kuhhandel-ml/rl/train/tensorboard_logs_default/MaskablePPO_0
--------------------------------
| time/              |         |
|    fps             | 2045    |
|    iterations      | 1       |
|    time_elapsed    | 32      |
|    total_timesteps | 1441792 |
--------------------------------
Saved generation 22 to /home/jnn.aurich/kuhhandel-ml/rl/train/models_default/selfplay_pool/gen_22
Time elapsed: 32.04 mins

--- Generation 23 ---
Logging to /home/jnn.aurich/kuhhandel-ml/rl/train/tensorboard_logs_default/MaskablePPO_0
--------------------------------
| time/              |         |
|    fps             | 2185    |
|    iterations      | 1       |
|    time_elapsed    | 29      |
|    total_timesteps | 1507328 |
--------------------------------
Saved generation 23 to /home/jnn.aurich/kuhhandel-ml/rl/train/models_default/selfplay_pool/gen_23
Time elapsed: 33.48 mins

--- Generation 24 ---
Logging to /home/jnn.aurich/kuhhandel-ml/rl/train/tensorboard_logs_default/MaskablePPO_0
--------------------------------
| time/              |         |
|    fps             | 2250    |
|    iterations      | 1       |
|    time_elapsed    | 29      |
|    total_timesteps | 1572864 |
--------------------------------
Saved generation 24 to /home/jnn.aurich/kuhhandel-ml/rl/train/models_default/selfplay_pool/gen_24
Time elapsed: 34.87 mins

--- Generation 25 ---
Logging to /home/jnn.aurich/kuhhandel-ml/rl/train/tensorboard_logs_default/MaskablePPO_0
--------------------------------
| time/              |         |
|    fps             | 2332    |
|    iterations      | 1       |
|    time_elapsed    | 28      |
|    total_timesteps | 1638400 |
--------------------------------
Saved generation 25 to /home/jnn.aurich/kuhhandel-ml/rl/train/models_default/selfplay_pool/gen_25
Time elapsed: 36.26 mins

--- Generation 26 ---
Logging to /home/jnn.aurich/kuhhandel-ml/rl/train/tensorboard_logs_default/MaskablePPO_0
--------------------------------
| time/              |         |
|    fps             | 2262    |
|    iterations      | 1       |
|    time_elapsed    | 28      |
|    total_timesteps | 1703936 |
--------------------------------
Saved generation 26 to /home/jnn.aurich/kuhhandel-ml/rl/train/models_default/selfplay_pool/gen_26
Time elapsed: 37.65 mins

--- Generation 27 ---
Logging to /home/jnn.aurich/kuhhandel-ml/rl/train/tensorboard_logs_default/MaskablePPO_0
--------------------------------
| time/              |         |
|    fps             | 2075    |
|    iterations      | 1       |
|    time_elapsed    | 31      |
|    total_timesteps | 1769472 |
--------------------------------
Saved generation 27 to /home/jnn.aurich/kuhhandel-ml/rl/train/models_default/selfplay_pool/gen_27
Time elapsed: 39.11 mins

--- Generation 28 ---
Logging to /home/jnn.aurich/kuhhandel-ml/rl/train/tensorboard_logs_default/MaskablePPO_0
--------------------------------
| time/              |         |
|    fps             | 2191    |
|    iterations      | 1       |
|    time_elapsed    | 29      |
|    total_timesteps | 1835008 |
--------------------------------
Saved generation 28 to /home/jnn.aurich/kuhhandel-ml/rl/train/models_default/selfplay_pool/gen_28
Time elapsed: 40.71 mins

--- Generation 29 ---
Logging to /home/jnn.aurich/kuhhandel-ml/rl/train/tensorboard_logs_default/MaskablePPO_0
--------------------------------
| time/              |         |
|    fps             | 2022    |
|    iterations      | 1       |
|    time_elapsed    | 32      |
|    total_timesteps | 1900544 |
--------------------------------
Saved generation 29 to /home/jnn.aurich/kuhhandel-ml/rl/train/models_default/selfplay_pool/gen_29
Time elapsed: 42.29 mins

--- Generation 30 ---
Logging to /home/jnn.aurich/kuhhandel-ml/rl/train/tensorboard_logs_default/MaskablePPO_0
--------------------------------
| time/              |         |
|    fps             | 2095    |
|    iterations      | 1       |
|    time_elapsed    | 31      |
|    total_timesteps | 1966080 |
--------------------------------
Saved generation 30 to /home/jnn.aurich/kuhhandel-ml/rl/train/models_default/selfplay_pool/gen_0
Time elapsed: 43.89 mins

--- Generation 31 ---
Logging to /home/jnn.aurich/kuhhandel-ml/rl/train/tensorboard_logs_default/MaskablePPO_0
--------------------------------
| time/              |         |
|    fps             | 2067    |
|    iterations      | 1       |
|    time_elapsed    | 31      |
|    total_timesteps | 2031616 |
--------------------------------
Saved generation 31 to /home/jnn.aurich/kuhhandel-ml/rl/train/models_default/selfplay_pool/gen_1
Time elapsed: 45.46 mins

--- Generation 32 ---
Logging to /home/jnn.aurich/kuhhandel-ml/rl/train/tensorboard_logs_default/MaskablePPO_0
--------------------------------
| time/              |         |
|    fps             | 2082    |
|    iterations      | 1       |
|    time_elapsed    | 31      |
|    total_timesteps | 2097152 |
--------------------------------
Saved generation 32 to /home/jnn.aurich/kuhhandel-ml/rl/train/models_default/selfplay_pool/gen_2
Time elapsed: 47.00 mins

--- Generation 33 ---
Logging to /home/jnn.aurich/kuhhandel-ml/rl/train/tensorboard_logs_default/MaskablePPO_0
--------------------------------
| time/              |         |
|    fps             | 2145    |
|    iterations      | 1       |
|    time_elapsed    | 30      |
|    total_timesteps | 2162688 |
--------------------------------
Saved generation 33 to /home/jnn.aurich/kuhhandel-ml/rl/train/models_default/selfplay_pool/gen_3
Time elapsed: 48.53 mins

--- Generation 34 ---
Logging to /home/jnn.aurich/kuhhandel-ml/rl/train/tensorboard_logs_default/MaskablePPO_0
--------------------------------
| time/              |         |
|    fps             | 2171    |
|    iterations      | 1       |
|    time_elapsed    | 30      |
|    total_timesteps | 2228224 |
--------------------------------
Saved generation 34 to /home/jnn.aurich/kuhhandel-ml/rl/train/models_default/selfplay_pool/gen_4
Time elapsed: 50.08 mins

--- Generation 35 ---
Logging to /home/jnn.aurich/kuhhandel-ml/rl/train/tensorboard_logs_default/MaskablePPO_0
--------------------------------
| time/              |         |
|    fps             | 2245    |
|    iterations      | 1       |
|    time_elapsed    | 29      |
|    total_timesteps | 2293760 |
--------------------------------
Saved generation 35 to /home/jnn.aurich/kuhhandel-ml/rl/train/models_default/selfplay_pool/gen_5
Time elapsed: 51.65 mins

--- Generation 36 ---
Logging to /home/jnn.aurich/kuhhandel-ml/rl/train/tensorboard_logs_default/MaskablePPO_0
--------------------------------
| time/              |         |
|    fps             | 2059    |
|    iterations      | 1       |
|    time_elapsed    | 31      |
|    total_timesteps | 2359296 |
--------------------------------
Saved generation 36 to /home/jnn.aurich/kuhhandel-ml/rl/train/models_default/selfplay_pool/gen_6
Time elapsed: 53.27 mins

--- Generation 37 ---
Logging to /home/jnn.aurich/kuhhandel-ml/rl/train/tensorboard_logs_default/MaskablePPO_0
--------------------------------
| time/              |         |
|    fps             | 2194    |
|    iterations      | 1       |
|    time_elapsed    | 29      |
|    total_timesteps | 2424832 |
--------------------------------
Saved generation 37 to /home/jnn.aurich/kuhhandel-ml/rl/train/models_default/selfplay_pool/gen_7
Time elapsed: 54.88 mins

--- Generation 38 ---
Logging to /home/jnn.aurich/kuhhandel-ml/rl/train/tensorboard_logs_default/MaskablePPO_0
--------------------------------
| time/              |         |
|    fps             | 2288    |
|    iterations      | 1       |
|    time_elapsed    | 28      |
|    total_timesteps | 2490368 |
--------------------------------
Saved generation 38 to /home/jnn.aurich/kuhhandel-ml/rl/train/models_default/selfplay_pool/gen_8
Time elapsed: 56.34 mins

--- Generation 39 ---
Logging to /home/jnn.aurich/kuhhandel-ml/rl/train/tensorboard_logs_default/MaskablePPO_0
--------------------------------
| time/              |         |
|    fps             | 2451    |
|    iterations      | 1       |
|    time_elapsed    | 26      |
|    total_timesteps | 2555904 |
--------------------------------
Saved generation 39 to /home/jnn.aurich/kuhhandel-ml/rl/train/models_default/selfplay_pool/gen_9
Time elapsed: 57.77 mins

--- Generation 40 ---
Logging to /home/jnn.aurich/kuhhandel-ml/rl/train/tensorboard_logs_default/MaskablePPO_0
--------------------------------
| time/              |         |
|    fps             | 2410    |
|    iterations      | 1       |
|    time_elapsed    | 27      |
|    total_timesteps | 2621440 |
--------------------------------
Saved generation 40 to /home/jnn.aurich/kuhhandel-ml/rl/train/models_default/selfplay_pool/gen_10
Time elapsed: 59.40 mins

--- Generation 41 ---
Logging to /home/jnn.aurich/kuhhandel-ml/rl/train/tensorboard_logs_default/MaskablePPO_0
--------------------------------
| time/              |         |
|    fps             | 2438    |
|    iterations      | 1       |
|    time_elapsed    | 26      |
|    total_timesteps | 2686976 |
--------------------------------
Saved generation 41 to /home/jnn.aurich/kuhhandel-ml/rl/train/models_default/selfplay_pool/gen_11
Time elapsed: 60.93 mins

--- Generation 42 ---
Logging to /home/jnn.aurich/kuhhandel-ml/rl/train/tensorboard_logs_default/MaskablePPO_0
--------------------------------
| time/              |         |
|    fps             | 2318    |
|    iterations      | 1       |
|    time_elapsed    | 28      |
|    total_timesteps | 2752512 |
--------------------------------
Saved generation 42 to /home/jnn.aurich/kuhhandel-ml/rl/train/models_default/selfplay_pool/gen_12
Time elapsed: 62.37 mins

--- Generation 43 ---
Logging to /home/jnn.aurich/kuhhandel-ml/rl/train/tensorboard_logs_default/MaskablePPO_0
--------------------------------
| time/              |         |
|    fps             | 2254    |
|    iterations      | 1       |
|    time_elapsed    | 29      |
|    total_timesteps | 2818048 |
--------------------------------
Saved generation 43 to /home/jnn.aurich/kuhhandel-ml/rl/train/models_default/selfplay_pool/gen_13
Time elapsed: 63.86 mins

--- Generation 44 ---
Logging to /home/jnn.aurich/kuhhandel-ml/rl/train/tensorboard_logs_default/MaskablePPO_0
--------------------------------
| time/              |         |
|    fps             | 2197    |
|    iterations      | 1       |
|    time_elapsed    | 29      |
|    total_timesteps | 2883584 |
--------------------------------
Saved generation 44 to /home/jnn.aurich/kuhhandel-ml/rl/train/models_default/selfplay_pool/gen_14
Time elapsed: 65.39 mins

--- Generation 45 ---
Logging to /home/jnn.aurich/kuhhandel-ml/rl/train/tensorboard_logs_default/MaskablePPO_0
--------------------------------
| time/              |         |
|    fps             | 2194    |
|    iterations      | 1       |
|    time_elapsed    | 29      |
|    total_timesteps | 2949120 |
--------------------------------
Saved generation 45 to /home/jnn.aurich/kuhhandel-ml/rl/train/models_default/selfplay_pool/gen_15
Time elapsed: 66.87 mins

--- Generation 46 ---
Logging to /home/jnn.aurich/kuhhandel-ml/rl/train/tensorboard_logs_default/MaskablePPO_0
--------------------------------
| time/              |         |
|    fps             | 1928    |
|    iterations      | 1       |
|    time_elapsed    | 33      |
|    total_timesteps | 3014656 |
--------------------------------
Saved generation 46 to /home/jnn.aurich/kuhhandel-ml/rl/train/models_default/selfplay_pool/gen_16
Time elapsed: 68.39 mins

--- Generation 47 ---
Logging to /home/jnn.aurich/kuhhandel-ml/rl/train/tensorboard_logs_default/MaskablePPO_0
--------------------------------
| time/              |         |
|    fps             | 1842    |
|    iterations      | 1       |
|    time_elapsed    | 35      |
|    total_timesteps | 3080192 |
--------------------------------
Saved generation 47 to /home/jnn.aurich/kuhhandel-ml/rl/train/models_default/selfplay_pool/gen_17
Time elapsed: 70.04 mins

--- Generation 48 ---
Logging to /home/jnn.aurich/kuhhandel-ml/rl/train/tensorboard_logs_default/MaskablePPO_0
--------------------------------
| time/              |         |
|    fps             | 1832    |
|    iterations      | 1       |
|    time_elapsed    | 35      |
|    total_timesteps | 3145728 |
--------------------------------
Saved generation 48 to /home/jnn.aurich/kuhhandel-ml/rl/train/models_default/selfplay_pool/gen_18
Time elapsed: 71.58 mins

--- Generation 49 ---
Logging to /home/jnn.aurich/kuhhandel-ml/rl/train/tensorboard_logs_default/MaskablePPO_0
--------------------------------
| time/              |         |
|    fps             | 1769    |
|    iterations      | 1       |
|    time_elapsed    | 37      |
|    total_timesteps | 3211264 |
--------------------------------
Saved generation 49 to /home/jnn.aurich/kuhhandel-ml/rl/train/models_default/selfplay_pool/gen_19
Time elapsed: 73.18 mins

--- Generation 50 ---
Logging to /home/jnn.aurich/kuhhandel-ml/rl/train/tensorboard_logs_default/MaskablePPO_0
--------------------------------
| time/              |         |
|    fps             | 1893    |
|    iterations      | 1       |
|    time_elapsed    | 34      |
|    total_timesteps | 3276800 |
--------------------------------
Saved generation 50 to /home/jnn.aurich/kuhhandel-ml/rl/train/models_default/selfplay_pool/gen_20
Time elapsed: 74.85 mins

--- Generation 51 ---
Logging to /home/jnn.aurich/kuhhandel-ml/rl/train/tensorboard_logs_default/MaskablePPO_0
--------------------------------
| time/              |         |
|    fps             | 1958    |
|    iterations      | 1       |
|    time_elapsed    | 33      |
|    total_timesteps | 3342336 |
--------------------------------
Saved generation 51 to /home/jnn.aurich/kuhhandel-ml/rl/train/models_default/selfplay_pool/gen_21
Time elapsed: 76.45 mins

--- Generation 52 ---
Logging to /home/jnn.aurich/kuhhandel-ml/rl/train/tensorboard_logs_default/MaskablePPO_0
--------------------------------
| time/              |         |
|    fps             | 1867    |
|    iterations      | 1       |
|    time_elapsed    | 35      |
|    total_timesteps | 3407872 |
--------------------------------
Saved generation 52 to /home/jnn.aurich/kuhhandel-ml/rl/train/models_default/selfplay_pool/gen_22
Time elapsed: 78.03 mins

--- Generation 53 ---
Logging to /home/jnn.aurich/kuhhandel-ml/rl/train/tensorboard_logs_default/MaskablePPO_0
--------------------------------
| time/              |         |
|    fps             | 1928    |
|    iterations      | 1       |
|    time_elapsed    | 33      |
|    total_timesteps | 3473408 |
--------------------------------
Saved generation 53 to /home/jnn.aurich/kuhhandel-ml/rl/train/models_default/selfplay_pool/gen_23
Time elapsed: 79.69 mins

--- Generation 54 ---
Logging to /home/jnn.aurich/kuhhandel-ml/rl/train/tensorboard_logs_default/MaskablePPO_0
--------------------------------
| time/              |         |
|    fps             | 1954    |
|    iterations      | 1       |
|    time_elapsed    | 33      |
|    total_timesteps | 3538944 |
--------------------------------
Saved generation 54 to /home/jnn.aurich/kuhhandel-ml/rl/train/models_default/selfplay_pool/gen_24
Time elapsed: 81.40 mins

--- Generation 55 ---
Logging to /home/jnn.aurich/kuhhandel-ml/rl/train/tensorboard_logs_default/MaskablePPO_0
--------------------------------
| time/              |         |
|    fps             | 2076    |
|    iterations      | 1       |
|    time_elapsed    | 31      |
|    total_timesteps | 3604480 |
--------------------------------
Saved generation 55 to /home/jnn.aurich/kuhhandel-ml/rl/train/models_default/selfplay_pool/gen_25
Time elapsed: 83.05 mins

--- Generation 56 ---
Logging to /home/jnn.aurich/kuhhandel-ml/rl/train/tensorboard_logs_default/MaskablePPO_0
--------------------------------
| time/              |         |
|    fps             | 2115    |
|    iterations      | 1       |
|    time_elapsed    | 30      |
|    total_timesteps | 3670016 |
--------------------------------
Saved generation 56 to /home/jnn.aurich/kuhhandel-ml/rl/train/models_default/selfplay_pool/gen_26
Time elapsed: 84.57 mins

--- Generation 57 ---
Logging to /home/jnn.aurich/kuhhandel-ml/rl/train/tensorboard_logs_default/MaskablePPO_0
--------------------------------
| time/              |         |
|    fps             | 2376    |
|    iterations      | 1       |
|    time_elapsed    | 27      |
|    total_timesteps | 3735552 |
--------------------------------
Saved generation 57 to /home/jnn.aurich/kuhhandel-ml/rl/train/models_default/selfplay_pool/gen_27
Time elapsed: 86.19 mins

--- Generation 58 ---
Logging to /home/jnn.aurich/kuhhandel-ml/rl/train/tensorboard_logs_default/MaskablePPO_0
--------------------------------
| time/              |         |
|    fps             | 2308    |
|    iterations      | 1       |
|    time_elapsed    | 28      |
|    total_timesteps | 3801088 |
--------------------------------
Saved generation 58 to /home/jnn.aurich/kuhhandel-ml/rl/train/models_default/selfplay_pool/gen_28
Time elapsed: 87.83 mins

--- Generation 59 ---
Logging to /home/jnn.aurich/kuhhandel-ml/rl/train/tensorboard_logs_default/MaskablePPO_0
--------------------------------
| time/              |         |
|    fps             | 2339    |
|    iterations      | 1       |
|    time_elapsed    | 28      |
|    total_timesteps | 3866624 |
--------------------------------
Saved generation 59 to /home/jnn.aurich/kuhhandel-ml/rl/train/models_default/selfplay_pool/gen_29
Time elapsed: 89.41 mins

--- Generation 60 ---
Logging to /home/jnn.aurich/kuhhandel-ml/rl/train/tensorboard_logs_default/MaskablePPO_0
--------------------------------
| time/              |         |
|    fps             | 2252    |
|    iterations      | 1       |
|    time_elapsed    | 29      |
|    total_timesteps | 3932160 |
--------------------------------
Saved generation 60 to /home/jnn.aurich/kuhhandel-ml/rl/train/models_default/selfplay_pool/gen_0
Time elapsed: 91.14 mins

--- Generation 61 ---
Logging to /home/jnn.aurich/kuhhandel-ml/rl/train/tensorboard_logs_default/MaskablePPO_0
--------------------------------
| time/              |         |
|    fps             | 2350    |
|    iterations      | 1       |
|    time_elapsed    | 27      |
|    total_timesteps | 3997696 |
--------------------------------
Saved generation 61 to /home/jnn.aurich/kuhhandel-ml/rl/train/models_default/selfplay_pool/gen_1
Time elapsed: 92.72 mins

--- Generation 62 ---
Logging to /home/jnn.aurich/kuhhandel-ml/rl/train/tensorboard_logs_default/MaskablePPO_0
--------------------------------
| time/              |         |
|    fps             | 2265    |
|    iterations      | 1       |
|    time_elapsed    | 28      |
|    total_timesteps | 4063232 |
--------------------------------
Saved generation 62 to /home/jnn.aurich/kuhhandel-ml/rl/train/models_default/selfplay_pool/gen_2
Time elapsed: 94.32 mins

--- Generation 63 ---
Logging to /home/jnn.aurich/kuhhandel-ml/rl/train/tensorboard_logs_default/MaskablePPO_0
--------------------------------
| time/              |         |
|    fps             | 2101    |
|    iterations      | 1       |
|    time_elapsed    | 31      |
|    total_timesteps | 4128768 |
--------------------------------
Saved generation 63 to /home/jnn.aurich/kuhhandel-ml/rl/train/models_default/selfplay_pool/gen_3
Time elapsed: 95.94 mins

--- Generation 64 ---
Logging to /home/jnn.aurich/kuhhandel-ml/rl/train/tensorboard_logs_default/MaskablePPO_0
--------------------------------
| time/              |         |
|    fps             | 2316    |
|    iterations      | 1       |
|    time_elapsed    | 28      |
|    total_timesteps | 4194304 |
--------------------------------
Saved generation 64 to /home/jnn.aurich/kuhhandel-ml/rl/train/models_default/selfplay_pool/gen_4
Time elapsed: 97.59 mins

--- Generation 65 ---
Logging to /home/jnn.aurich/kuhhandel-ml/rl/train/tensorboard_logs_default/MaskablePPO_0
--------------------------------
| time/              |         |
|    fps             | 2263    |
|    iterations      | 1       |
|    time_elapsed    | 28      |
|    total_timesteps | 4259840 |
--------------------------------
Saved generation 65 to /home/jnn.aurich/kuhhandel-ml/rl/train/models_default/selfplay_pool/gen_5
Time elapsed: 99.22 mins

--- Generation 66 ---
Logging to /home/jnn.aurich/kuhhandel-ml/rl/train/tensorboard_logs_default/MaskablePPO_0
--------------------------------
| time/              |         |
|    fps             | 2281    |
|    iterations      | 1       |
|    time_elapsed    | 28      |
|    total_timesteps | 4325376 |
--------------------------------
Saved generation 66 to /home/jnn.aurich/kuhhandel-ml/rl/train/models_default/selfplay_pool/gen_6
Time elapsed: 100.72 mins

--- Generation 67 ---
Logging to /home/jnn.aurich/kuhhandel-ml/rl/train/tensorboard_logs_default/MaskablePPO_0
--------------------------------
| time/              |         |
|    fps             | 1866    |
|    iterations      | 1       |
|    time_elapsed    | 35      |
|    total_timesteps | 4390912 |
--------------------------------
Saved generation 67 to /home/jnn.aurich/kuhhandel-ml/rl/train/models_default/selfplay_pool/gen_7
Time elapsed: 102.31 mins

--- Generation 68 ---
Logging to /home/jnn.aurich/kuhhandel-ml/rl/train/tensorboard_logs_default/MaskablePPO_0
--------------------------------
| time/              |         |
|    fps             | 1926    |
|    iterations      | 1       |
|    time_elapsed    | 34      |
|    total_timesteps | 4456448 |
--------------------------------
Saved generation 68 to /home/jnn.aurich/kuhhandel-ml/rl/train/models_default/selfplay_pool/gen_8
Time elapsed: 103.86 mins

--- Generation 69 ---
Logging to /home/jnn.aurich/kuhhandel-ml/rl/train/tensorboard_logs_default/MaskablePPO_0
--------------------------------
| time/              |         |
|    fps             | 1739    |
|    iterations      | 1       |
|    time_elapsed    | 37      |
|    total_timesteps | 4521984 |
--------------------------------
Saved generation 69 to /home/jnn.aurich/kuhhandel-ml/rl/train/models_default/selfplay_pool/gen_9
Time elapsed: 105.47 mins

--- Generation 70 ---
Logging to /home/jnn.aurich/kuhhandel-ml/rl/train/tensorboard_logs_default/MaskablePPO_0
--------------------------------
| time/              |         |
|    fps             | 1750    |
|    iterations      | 1       |
|    time_elapsed    | 37      |
|    total_timesteps | 4587520 |
--------------------------------
Saved generation 70 to /home/jnn.aurich/kuhhandel-ml/rl/train/models_default/selfplay_pool/gen_10
Time elapsed: 107.09 mins

--- Generation 71 ---
Logging to /home/jnn.aurich/kuhhandel-ml/rl/train/tensorboard_logs_default/MaskablePPO_0
--------------------------------
| time/              |         |
|    fps             | 1697    |
|    iterations      | 1       |
|    time_elapsed    | 38      |
|    total_timesteps | 4653056 |
--------------------------------
Saved generation 71 to /home/jnn.aurich/kuhhandel-ml/rl/train/models_default/selfplay_pool/gen_11
Time elapsed: 108.65 mins

--- Generation 72 ---
Logging to /home/jnn.aurich/kuhhandel-ml/rl/train/tensorboard_logs_default/MaskablePPO_0
--------------------------------
| time/              |         |
|    fps             | 1723    |
|    iterations      | 1       |
|    time_elapsed    | 38      |
|    total_timesteps | 4718592 |
--------------------------------
Saved generation 72 to /home/jnn.aurich/kuhhandel-ml/rl/train/models_default/selfplay_pool/gen_12
Time elapsed: 110.26 mins

--- Generation 73 ---
Logging to /home/jnn.aurich/kuhhandel-ml/rl/train/tensorboard_logs_default/MaskablePPO_0
--------------------------------
| time/              |         |
|    fps             | 1820    |
|    iterations      | 1       |
|    time_elapsed    | 35      |
|    total_timesteps | 4784128 |
--------------------------------
Saved generation 73 to /home/jnn.aurich/kuhhandel-ml/rl/train/models_default/selfplay_pool/gen_13
Time elapsed: 111.90 mins

--- Generation 74 ---
Logging to /home/jnn.aurich/kuhhandel-ml/rl/train/tensorboard_logs_default/MaskablePPO_0
--------------------------------
| time/              |         |
|    fps             | 1679    |
|    iterations      | 1       |
|    time_elapsed    | 39      |
|    total_timesteps | 4849664 |
--------------------------------
Saved generation 74 to /home/jnn.aurich/kuhhandel-ml/rl/train/models_default/selfplay_pool/gen_14
Time elapsed: 113.52 mins

--- Generation 75 ---
Logging to /home/jnn.aurich/kuhhandel-ml/rl/train/tensorboard_logs_default/MaskablePPO_0
--------------------------------
| time/              |         |
|    fps             | 1707    |
|    iterations      | 1       |
|    time_elapsed    | 38      |
|    total_timesteps | 4915200 |
--------------------------------
Saved generation 75 to /home/jnn.aurich/kuhhandel-ml/rl/train/models_default/selfplay_pool/gen_15
Time elapsed: 115.13 mins

--- Generation 76 ---
Logging to /home/jnn.aurich/kuhhandel-ml/rl/train/tensorboard_logs_default/MaskablePPO_0
--------------------------------
| time/              |         |
|    fps             | 1581    |
|    iterations      | 1       |
|    time_elapsed    | 41      |
|    total_timesteps | 4980736 |
--------------------------------
Saved generation 76 to /home/jnn.aurich/kuhhandel-ml/rl/train/models_default/selfplay_pool/gen_16
Time elapsed: 116.74 mins

--- Generation 77 ---
Logging to /home/jnn.aurich/kuhhandel-ml/rl/train/tensorboard_logs_default/MaskablePPO_0
--------------------------------
| time/              |         |
|    fps             | 1761    |
|    iterations      | 1       |
|    time_elapsed    | 37      |
|    total_timesteps | 5046272 |
--------------------------------
Saved generation 77 to /home/jnn.aurich/kuhhandel-ml/rl/train/models_default/selfplay_pool/gen_17
Time elapsed: 118.34 mins

--- Generation 78 ---
Logging to /home/jnn.aurich/kuhhandel-ml/rl/train/tensorboard_logs_default/MaskablePPO_0
--------------------------------
| time/              |         |
|    fps             | 1692    |
|    iterations      | 1       |
|    time_elapsed    | 38      |
|    total_timesteps | 5111808 |
--------------------------------
Saved generation 78 to /home/jnn.aurich/kuhhandel-ml/rl/train/models_default/selfplay_pool/gen_18
Time elapsed: 119.97 mins

--- Generation 79 ---
Logging to /home/jnn.aurich/kuhhandel-ml/rl/train/tensorboard_logs_default/MaskablePPO_0
--------------------------------
| time/              |         |
|    fps             | 1633    |
|    iterations      | 1       |
|    time_elapsed    | 40      |
|    total_timesteps | 5177344 |
--------------------------------
Saved generation 79 to /home/jnn.aurich/kuhhandel-ml/rl/train/models_default/selfplay_pool/gen_19
Time elapsed: 121.61 mins

--- Generation 80 ---
Logging to /home/jnn.aurich/kuhhandel-ml/rl/train/tensorboard_logs_default/MaskablePPO_0
--------------------------------
| time/              |         |
|    fps             | 1669    |
|    iterations      | 1       |
|    time_elapsed    | 39      |
|    total_timesteps | 5242880 |
--------------------------------
Saved generation 80 to /home/jnn.aurich/kuhhandel-ml/rl/train/models_default/selfplay_pool/gen_20
Time elapsed: 123.25 mins

--- Generation 81 ---
Logging to /home/jnn.aurich/kuhhandel-ml/rl/train/tensorboard_logs_default/MaskablePPO_0
--------------------------------
| time/              |         |
|    fps             | 1769    |
|    iterations      | 1       |
|    time_elapsed    | 37      |
|    total_timesteps | 5308416 |
--------------------------------
Saved generation 81 to /home/jnn.aurich/kuhhandel-ml/rl/train/models_default/selfplay_pool/gen_21
Time elapsed: 124.94 mins

--- Generation 82 ---
Logging to /home/jnn.aurich/kuhhandel-ml/rl/train/tensorboard_logs_default/MaskablePPO_0
--------------------------------
| time/              |         |
|    fps             | 1755    |
|    iterations      | 1       |
|    time_elapsed    | 37      |
|    total_timesteps | 5373952 |
--------------------------------
Saved generation 82 to /home/jnn.aurich/kuhhandel-ml/rl/train/models_default/selfplay_pool/gen_22
Time elapsed: 126.65 mins

--- Generation 83 ---
Logging to /home/jnn.aurich/kuhhandel-ml/rl/train/tensorboard_logs_default/MaskablePPO_0
--------------------------------
| time/              |         |
|    fps             | 1883    |
|    iterations      | 1       |
|    time_elapsed    | 34      |
|    total_timesteps | 5439488 |
--------------------------------
Saved generation 83 to /home/jnn.aurich/kuhhandel-ml/rl/train/models_default/selfplay_pool/gen_23
Time elapsed: 128.15 mins

--- Generation 84 ---
Logging to /home/jnn.aurich/kuhhandel-ml/rl/train/tensorboard_logs_default/MaskablePPO_0
--------------------------------
| time/              |         |
|    fps             | 1663    |
|    iterations      | 1       |
|    time_elapsed    | 39      |
|    total_timesteps | 5505024 |
--------------------------------
Saved generation 84 to /home/jnn.aurich/kuhhandel-ml/rl/train/models_default/selfplay_pool/gen_24
Time elapsed: 129.76 mins

--- Generation 85 ---
Logging to /home/jnn.aurich/kuhhandel-ml/rl/train/tensorboard_logs_default/MaskablePPO_0
--------------------------------
| time/              |         |
|    fps             | 1659    |
|    iterations      | 1       |
|    time_elapsed    | 39      |
|    total_timesteps | 5570560 |
--------------------------------
Saved generation 85 to /home/jnn.aurich/kuhhandel-ml/rl/train/models_default/selfplay_pool/gen_25
Time elapsed: 131.39 mins

--- Generation 86 ---
Logging to /home/jnn.aurich/kuhhandel-ml/rl/train/tensorboard_logs_default/MaskablePPO_0
--------------------------------
| time/              |         |
|    fps             | 1731    |
|    iterations      | 1       |
|    time_elapsed    | 37      |
|    total_timesteps | 5636096 |
--------------------------------
Saved generation 86 to /home/jnn.aurich/kuhhandel-ml/rl/train/models_default/selfplay_pool/gen_26
Time elapsed: 132.99 mins

--- Generation 87 ---
Logging to /home/jnn.aurich/kuhhandel-ml/rl/train/tensorboard_logs_default/MaskablePPO_0
--------------------------------
| time/              |         |
|    fps             | 1696    |
|    iterations      | 1       |
|    time_elapsed    | 38      |
|    total_timesteps | 5701632 |
--------------------------------
Saved generation 87 to /home/jnn.aurich/kuhhandel-ml/rl/train/models_default/selfplay_pool/gen_27
Time elapsed: 134.59 mins

--- Generation 88 ---
Logging to /home/jnn.aurich/kuhhandel-ml/rl/train/tensorboard_logs_default/MaskablePPO_0
--------------------------------
| time/              |         |
|    fps             | 1642    |
|    iterations      | 1       |
|    time_elapsed    | 39      |
|    total_timesteps | 5767168 |
--------------------------------
Saved generation 88 to /home/jnn.aurich/kuhhandel-ml/rl/train/models_default/selfplay_pool/gen_28
Time elapsed: 136.24 mins

--- Generation 89 ---
Logging to /home/jnn.aurich/kuhhandel-ml/rl/train/tensorboard_logs_default/MaskablePPO_0
--------------------------------
| time/              |         |
|    fps             | 1727    |
|    iterations      | 1       |
|    time_elapsed    | 37      |
|    total_timesteps | 5832704 |
--------------------------------
Saved generation 89 to /home/jnn.aurich/kuhhandel-ml/rl/train/models_default/selfplay_pool/gen_29
Time elapsed: 137.85 mins

--- Generation 90 ---
Logging to /home/jnn.aurich/kuhhandel-ml/rl/train/tensorboard_logs_default/MaskablePPO_0
--------------------------------
| time/              |         |
|    fps             | 1687    |
|    iterations      | 1       |
|    time_elapsed    | 38      |
|    total_timesteps | 5898240 |
--------------------------------
Saved generation 90 to /home/jnn.aurich/kuhhandel-ml/rl/train/models_default/selfplay_pool/gen_0
Time elapsed: 139.50 mins

--- Generation 91 ---
Logging to /home/jnn.aurich/kuhhandel-ml/rl/train/tensorboard_logs_default/MaskablePPO_0
--------------------------------
| time/              |         |
|    fps             | 1719    |
|    iterations      | 1       |
|    time_elapsed    | 38      |
|    total_timesteps | 5963776 |
--------------------------------
Saved generation 91 to /home/jnn.aurich/kuhhandel-ml/rl/train/models_default/selfplay_pool/gen_1
Time elapsed: 141.12 mins

--- Generation 92 ---
Logging to /home/jnn.aurich/kuhhandel-ml/rl/train/tensorboard_logs_default/MaskablePPO_0
--------------------------------
| time/              |         |
|    fps             | 1770    |
|    iterations      | 1       |
|    time_elapsed    | 37      |
|    total_timesteps | 6029312 |
--------------------------------
Saved generation 92 to /home/jnn.aurich/kuhhandel-ml/rl/train/models_default/selfplay_pool/gen_2
Time elapsed: 142.73 mins

--- Generation 93 ---
Logging to /home/jnn.aurich/kuhhandel-ml/rl/train/tensorboard_logs_default/MaskablePPO_0
--------------------------------
| time/              |         |
|    fps             | 1662    |
|    iterations      | 1       |
|    time_elapsed    | 39      |
|    total_timesteps | 6094848 |
--------------------------------
Saved generation 93 to /home/jnn.aurich/kuhhandel-ml/rl/train/models_default/selfplay_pool/gen_3
Time elapsed: 144.39 mins

--- Generation 94 ---
Logging to /home/jnn.aurich/kuhhandel-ml/rl/train/tensorboard_logs_default/MaskablePPO_0
--------------------------------
| time/              |         |
|    fps             | 1836    |
|    iterations      | 1       |
|    time_elapsed    | 35      |
|    total_timesteps | 6160384 |
--------------------------------
Saved generation 94 to /home/jnn.aurich/kuhhandel-ml/rl/train/models_default/selfplay_pool/gen_4
Time elapsed: 146.09 mins

--- Generation 95 ---
Logging to /home/jnn.aurich/kuhhandel-ml/rl/train/tensorboard_logs_default/MaskablePPO_0
--------------------------------
| time/              |         |
|    fps             | 1763    |
|    iterations      | 1       |
|    time_elapsed    | 37      |
|    total_timesteps | 6225920 |
--------------------------------
Saved generation 95 to /home/jnn.aurich/kuhhandel-ml/rl/train/models_default/selfplay_pool/gen_5
Time elapsed: 147.74 mins

--- Generation 96 ---
Logging to /home/jnn.aurich/kuhhandel-ml/rl/train/tensorboard_logs_default/MaskablePPO_0
--------------------------------
| time/              |         |
|    fps             | 1742    |
|    iterations      | 1       |
|    time_elapsed    | 37      |
|    total_timesteps | 6291456 |
--------------------------------
Saved generation 96 to /home/jnn.aurich/kuhhandel-ml/rl/train/models_default/selfplay_pool/gen_6
Time elapsed: 149.50 mins

--- Generation 97 ---
Logging to /home/jnn.aurich/kuhhandel-ml/rl/train/tensorboard_logs_default/MaskablePPO_0
--------------------------------
| time/              |         |
|    fps             | 1791    |
|    iterations      | 1       |
|    time_elapsed    | 36      |
|    total_timesteps | 6356992 |
--------------------------------
Saved generation 97 to /home/jnn.aurich/kuhhandel-ml/rl/train/models_default/selfplay_pool/gen_7
Time elapsed: 151.24 mins

--- Generation 98 ---
Logging to /home/jnn.aurich/kuhhandel-ml/rl/train/tensorboard_logs_default/MaskablePPO_0
--------------------------------
| time/              |         |
|    fps             | 1642    |
|    iterations      | 1       |
|    time_elapsed    | 39      |
|    total_timesteps | 6422528 |
--------------------------------
Saved generation 98 to /home/jnn.aurich/kuhhandel-ml/rl/train/models_default/selfplay_pool/gen_8
Time elapsed: 152.96 mins

--- Generation 99 ---
Logging to /home/jnn.aurich/kuhhandel-ml/rl/train/tensorboard_logs_default/MaskablePPO_0
--------------------------------
| time/              |         |
|    fps             | 1668    |
|    iterations      | 1       |
|    time_elapsed    | 39      |
|    total_timesteps | 6488064 |
--------------------------------
Saved generation 99 to /home/jnn.aurich/kuhhandel-ml/rl/train/models_default/selfplay_pool/gen_9
Time elapsed: 154.70 mins

--- Generation 100 ---
Logging to /home/jnn.aurich/kuhhandel-ml/rl/train/tensorboard_logs_default/MaskablePPO_0
--------------------------------
| time/              |         |
|    fps             | 1771    |
|    iterations      | 1       |
|    time_elapsed    | 37      |
|    total_timesteps | 6553600 |
--------------------------------
Saved generation 100 to /home/jnn.aurich/kuhhandel-ml/rl/train/models_default/selfplay_pool/gen_10
Time elapsed: 156.45 mins

--- Generation 101 ---
Logging to /home/jnn.aurich/kuhhandel-ml/rl/train/tensorboard_logs_default/MaskablePPO_0
--------------------------------
| time/              |         |
|    fps             | 1772    |
|    iterations      | 1       |
|    time_elapsed    | 36      |
|    total_timesteps | 6619136 |
--------------------------------
Saved generation 101 to /home/jnn.aurich/kuhhandel-ml/rl/train/models_default/selfplay_pool/gen_11
Time elapsed: 158.06 mins

--- Generation 102 ---
Logging to /home/jnn.aurich/kuhhandel-ml/rl/train/tensorboard_logs_default/MaskablePPO_0
--------------------------------
| time/              |         |
|    fps             | 1793    |
|    iterations      | 1       |
|    time_elapsed    | 36      |
|    total_timesteps | 6684672 |
--------------------------------
Saved generation 102 to /home/jnn.aurich/kuhhandel-ml/rl/train/models_default/selfplay_pool/gen_12
Time elapsed: 159.87 mins

--- Generation 103 ---
Logging to /home/jnn.aurich/kuhhandel-ml/rl/train/tensorboard_logs_default/MaskablePPO_0
--------------------------------
| time/              |         |
|    fps             | 1902    |
|    iterations      | 1       |
|    time_elapsed    | 34      |
|    total_timesteps | 6750208 |
--------------------------------
Saved generation 103 to /home/jnn.aurich/kuhhandel-ml/rl/train/models_default/selfplay_pool/gen_13
Time elapsed: 161.62 mins

--- Generation 104 ---
Logging to /home/jnn.aurich/kuhhandel-ml/rl/train/tensorboard_logs_default/MaskablePPO_0
--------------------------------
| time/              |         |
|    fps             | 1826    |
|    iterations      | 1       |
|    time_elapsed    | 35      |
|    total_timesteps | 6815744 |
--------------------------------
Saved generation 104 to /home/jnn.aurich/kuhhandel-ml/rl/train/models_default/selfplay_pool/gen_14
Time elapsed: 163.44 mins

--- Generation 105 ---
Logging to /home/jnn.aurich/kuhhandel-ml/rl/train/tensorboard_logs_default/MaskablePPO_0
--------------------------------
| time/              |         |
|    fps             | 1768    |
|    iterations      | 1       |
|    time_elapsed    | 37      |
|    total_timesteps | 6881280 |
--------------------------------
Saved generation 105 to /home/jnn.aurich/kuhhandel-ml/rl/train/models_default/selfplay_pool/gen_15
Time elapsed: 165.22 mins

--- Generation 106 ---
Logging to /home/jnn.aurich/kuhhandel-ml/rl/train/tensorboard_logs_default/MaskablePPO_0
--------------------------------
| time/              |         |
|    fps             | 1641    |
|    iterations      | 1       |
|    time_elapsed    | 39      |
|    total_timesteps | 6946816 |
--------------------------------
Saved generation 106 to /home/jnn.aurich/kuhhandel-ml/rl/train/models_default/selfplay_pool/gen_16
Time elapsed: 167.08 mins

--- Generation 107 ---
Logging to /home/jnn.aurich/kuhhandel-ml/rl/train/tensorboard_logs_default/MaskablePPO_0
--------------------------------
| time/              |         |
|    fps             | 1541    |
|    iterations      | 1       |
|    time_elapsed    | 42      |
|    total_timesteps | 7012352 |
--------------------------------
Saved generation 107 to /home/jnn.aurich/kuhhandel-ml/rl/train/models_default/selfplay_pool/gen_17
Time elapsed: 168.97 mins

--- Generation 108 ---
Logging to /home/jnn.aurich/kuhhandel-ml/rl/train/tensorboard_logs_default/MaskablePPO_0
--------------------------------
| time/              |         |
|    fps             | 1626    |
|    iterations      | 1       |
|    time_elapsed    | 40      |
|    total_timesteps | 7077888 |
--------------------------------
Saved generation 108 to /home/jnn.aurich/kuhhandel-ml/rl/train/models_default/selfplay_pool/gen_18
Time elapsed: 170.70 mins

--- Generation 109 ---
Logging to /home/jnn.aurich/kuhhandel-ml/rl/train/tensorboard_logs_default/MaskablePPO_0
--------------------------------
| time/              |         |
|    fps             | 1528    |
|    iterations      | 1       |
|    time_elapsed    | 42      |
|    total_timesteps | 7143424 |
--------------------------------
Saved generation 109 to /home/jnn.aurich/kuhhandel-ml/rl/train/models_default/selfplay_pool/gen_19
Time elapsed: 172.65 mins

--- Generation 110 ---
Logging to /home/jnn.aurich/kuhhandel-ml/rl/train/tensorboard_logs_default/MaskablePPO_0
--------------------------------
| time/              |         |
|    fps             | 1609    |
|    iterations      | 1       |
|    time_elapsed    | 40      |
|    total_timesteps | 7208960 |
--------------------------------
Saved generation 110 to /home/jnn.aurich/kuhhandel-ml/rl/train/models_default/selfplay_pool/gen_20
Time elapsed: 174.51 mins

--- Generation 111 ---
Logging to /home/jnn.aurich/kuhhandel-ml/rl/train/tensorboard_logs_default/MaskablePPO_0
--------------------------------
| time/              |         |
|    fps             | 1776    |
|    iterations      | 1       |
|    time_elapsed    | 36      |
|    total_timesteps | 7274496 |
--------------------------------
Saved generation 111 to /home/jnn.aurich/kuhhandel-ml/rl/train/models_default/selfplay_pool/gen_21
Time elapsed: 176.17 mins

--- Generation 112 ---
Logging to /home/jnn.aurich/kuhhandel-ml/rl/train/tensorboard_logs_default/MaskablePPO_0
--------------------------------
| time/              |         |
|    fps             | 1715    |
|    iterations      | 1       |
|    time_elapsed    | 38      |
|    total_timesteps | 7340032 |
--------------------------------
Saved generation 112 to /home/jnn.aurich/kuhhandel-ml/rl/train/models_default/selfplay_pool/gen_22
Time elapsed: 177.86 mins

--- Generation 113 ---
Logging to /home/jnn.aurich/kuhhandel-ml/rl/train/tensorboard_logs_default/MaskablePPO_0
--------------------------------
| time/              |         |
|    fps             | 1677    |
|    iterations      | 1       |
|    time_elapsed    | 39      |
|    total_timesteps | 7405568 |
--------------------------------
Saved generation 113 to /home/jnn.aurich/kuhhandel-ml/rl/train/models_default/selfplay_pool/gen_23
Time elapsed: 179.57 mins

--- Generation 114 ---
Logging to /home/jnn.aurich/kuhhandel-ml/rl/train/tensorboard_logs_default/MaskablePPO_0
--------------------------------
| time/              |         |
|    fps             | 1651    |
|    iterations      | 1       |
|    time_elapsed    | 39      |
|    total_timesteps | 7471104 |
--------------------------------
Saved generation 114 to /home/jnn.aurich/kuhhandel-ml/rl/train/models_default/selfplay_pool/gen_24
Time elapsed: 181.29 mins

--- Generation 115 ---
Logging to /home/jnn.aurich/kuhhandel-ml/rl/train/tensorboard_logs_default/MaskablePPO_0
--------------------------------
| time/              |         |
|    fps             | 1480    |
|    iterations      | 1       |
|    time_elapsed    | 44      |
|    total_timesteps | 7536640 |
--------------------------------
Saved generation 115 to /home/jnn.aurich/kuhhandel-ml/rl/train/models_default/selfplay_pool/gen_25
Time elapsed: 183.11 mins

--- Generation 116 ---
Logging to /home/jnn.aurich/kuhhandel-ml/rl/train/tensorboard_logs_default/MaskablePPO_0
--------------------------------
| time/              |         |
|    fps             | 1679    |
|    iterations      | 1       |
|    time_elapsed    | 39      |
|    total_timesteps | 7602176 |
--------------------------------
Saved generation 116 to /home/jnn.aurich/kuhhandel-ml/rl/train/models_default/selfplay_pool/gen_26
Time elapsed: 184.88 mins

--- Generation 117 ---
Logging to /home/jnn.aurich/kuhhandel-ml/rl/train/tensorboard_logs_default/MaskablePPO_0
--------------------------------
| time/              |         |
|    fps             | 1616    |
|    iterations      | 1       |
|    time_elapsed    | 40      |
|    total_timesteps | 7667712 |
--------------------------------
Saved generation 117 to /home/jnn.aurich/kuhhandel-ml/rl/train/models_default/selfplay_pool/gen_27
Time elapsed: 186.84 mins

--- Generation 118 ---
Logging to /home/jnn.aurich/kuhhandel-ml/rl/train/tensorboard_logs_default/MaskablePPO_0
--------------------------------
| time/              |         |
|    fps             | 1853    |
|    iterations      | 1       |
|    time_elapsed    | 35      |
|    total_timesteps | 7733248 |
--------------------------------
Saved generation 118 to /home/jnn.aurich/kuhhandel-ml/rl/train/models_default/selfplay_pool/gen_28
Time elapsed: 188.51 mins

--- Generation 119 ---
Logging to /home/jnn.aurich/kuhhandel-ml/rl/train/tensorboard_logs_default/MaskablePPO_0
--------------------------------
| time/              |         |
|    fps             | 1943    |
|    iterations      | 1       |
|    time_elapsed    | 33      |
|    total_timesteps | 7798784 |
--------------------------------
Saved generation 119 to /home/jnn.aurich/kuhhandel-ml/rl/train/models_default/selfplay_pool/gen_29
Time elapsed: 190.07 mins

--- Generation 120 ---
Logging to /home/jnn.aurich/kuhhandel-ml/rl/train/tensorboard_logs_default/MaskablePPO_0
--------------------------------
| time/              |         |
|    fps             | 1903    |
|    iterations      | 1       |
|    time_elapsed    | 34      |
|    total_timesteps | 7864320 |
--------------------------------
Saved generation 120 to /home/jnn.aurich/kuhhandel-ml/rl/train/models_default/selfplay_pool/gen_0
Time elapsed: 191.93 mins

--- Generation 121 ---
Logging to /home/jnn.aurich/kuhhandel-ml/rl/train/tensorboard_logs_default/MaskablePPO_0
--------------------------------
| time/              |         |
|    fps             | 1916    |
|    iterations      | 1       |
|    time_elapsed    | 34      |
|    total_timesteps | 7929856 |
--------------------------------
Saved generation 121 to /home/jnn.aurich/kuhhandel-ml/rl/train/models_default/selfplay_pool/gen_1
Time elapsed: 193.59 mins

--- Generation 122 ---
Logging to /home/jnn.aurich/kuhhandel-ml/rl/train/tensorboard_logs_default/MaskablePPO_0
--------------------------------
| time/              |         |
|    fps             | 1758    |
|    iterations      | 1       |
|    time_elapsed    | 37      |
|    total_timesteps | 7995392 |
--------------------------------
Saved generation 122 to /home/jnn.aurich/kuhhandel-ml/rl/train/models_default/selfplay_pool/gen_2
Time elapsed: 195.32 mins

--- Generation 123 ---
Logging to /home/jnn.aurich/kuhhandel-ml/rl/train/tensorboard_logs_default/MaskablePPO_0
--------------------------------
| time/              |         |
|    fps             | 1648    |
|    iterations      | 1       |
|    time_elapsed    | 39      |
|    total_timesteps | 8060928 |
--------------------------------
Saved generation 123 to /home/jnn.aurich/kuhhandel-ml/rl/train/models_default/selfplay_pool/gen_3
Time elapsed: 197.23 mins

--- Generation 124 ---
Logging to /home/jnn.aurich/kuhhandel-ml/rl/train/tensorboard_logs_default/MaskablePPO_0
--------------------------------
| time/              |         |
|    fps             | 1570    |
|    iterations      | 1       |
|    time_elapsed    | 41      |
|    total_timesteps | 8126464 |
--------------------------------
Saved generation 124 to /home/jnn.aurich/kuhhandel-ml/rl/train/models_default/selfplay_pool/gen_4
Time elapsed: 199.10 mins

--- Generation 125 ---
Logging to /home/jnn.aurich/kuhhandel-ml/rl/train/tensorboard_logs_default/MaskablePPO_0
--------------------------------
| time/              |         |
|    fps             | 1518    |
|    iterations      | 1       |
|    time_elapsed    | 43      |
|    total_timesteps | 8192000 |
--------------------------------
Saved generation 125 to /home/jnn.aurich/kuhhandel-ml/rl/train/models_default/selfplay_pool/gen_5
Time elapsed: 200.91 mins

--- Generation 126 ---
Logging to /home/jnn.aurich/kuhhandel-ml/rl/train/tensorboard_logs_default/MaskablePPO_0
--------------------------------
| time/              |         |
|    fps             | 1323    |
|    iterations      | 1       |
|    time_elapsed    | 49      |
|    total_timesteps | 8257536 |
--------------------------------
Saved generation 126 to /home/jnn.aurich/kuhhandel-ml/rl/train/models_default/selfplay_pool/gen_6
Time elapsed: 202.92 mins

--- Generation 127 ---
Logging to /home/jnn.aurich/kuhhandel-ml/rl/train/tensorboard_logs_default/MaskablePPO_0
--------------------------------
| time/              |         |
|    fps             | 1299    |
|    iterations      | 1       |
|    time_elapsed    | 50      |
|    total_timesteps | 8323072 |
--------------------------------
Saved generation 127 to /home/jnn.aurich/kuhhandel-ml/rl/train/models_default/selfplay_pool/gen_7
Time elapsed: 204.94 mins

--- Generation 128 ---
Logging to /home/jnn.aurich/kuhhandel-ml/rl/train/tensorboard_logs_default/MaskablePPO_0
--------------------------------
| time/              |         |
|    fps             | 1293    |
|    iterations      | 1       |
|    time_elapsed    | 50      |
|    total_timesteps | 8388608 |
--------------------------------
Saved generation 128 to /home/jnn.aurich/kuhhandel-ml/rl/train/models_default/selfplay_pool/gen_8
Time elapsed: 207.01 mins

--- Generation 129 ---
Logging to /home/jnn.aurich/kuhhandel-ml/rl/train/tensorboard_logs_default/MaskablePPO_0
--------------------------------
| time/              |         |
|    fps             | 1298    |
|    iterations      | 1       |
|    time_elapsed    | 50      |
|    total_timesteps | 8454144 |
--------------------------------
Saved generation 129 to /home/jnn.aurich/kuhhandel-ml/rl/train/models_default/selfplay_pool/gen_9
Time elapsed: 209.24 mins

--- Generation 130 ---
Logging to /home/jnn.aurich/kuhhandel-ml/rl/train/tensorboard_logs_default/MaskablePPO_0
--------------------------------
| time/              |         |
|    fps             | 1333    |
|    iterations      | 1       |
|    time_elapsed    | 49      |
|    total_timesteps | 8519680 |
--------------------------------
Saved generation 130 to /home/jnn.aurich/kuhhandel-ml/rl/train/models_default/selfplay_pool/gen_10
Time elapsed: 211.38 mins

--- Generation 131 ---
Logging to /home/jnn.aurich/kuhhandel-ml/rl/train/tensorboard_logs_default/MaskablePPO_0
--------------------------------
| time/              |         |
|    fps             | 1205    |
|    iterations      | 1       |
|    time_elapsed    | 54      |
|    total_timesteps | 8585216 |
--------------------------------
Saved generation 131 to /home/jnn.aurich/kuhhandel-ml/rl/train/models_default/selfplay_pool/gen_11
Time elapsed: 213.74 mins

--- Generation 132 ---
Logging to /home/jnn.aurich/kuhhandel-ml/rl/train/tensorboard_logs_default/MaskablePPO_0
--------------------------------
| time/              |         |
|    fps             | 1093    |
|    iterations      | 1       |
|    time_elapsed    | 59      |
|    total_timesteps | 8650752 |
--------------------------------
Saved generation 132 to /home/jnn.aurich/kuhhandel-ml/rl/train/models_default/selfplay_pool/gen_12
Time elapsed: 216.10 mins

--- Generation 133 ---
Logging to /home/jnn.aurich/kuhhandel-ml/rl/train/tensorboard_logs_default/MaskablePPO_0
--------------------------------
| time/              |         |
|    fps             | 1171    |
|    iterations      | 1       |
|    time_elapsed    | 55      |
|    total_timesteps | 8716288 |
--------------------------------
Saved generation 133 to /home/jnn.aurich/kuhhandel-ml/rl/train/models_default/selfplay_pool/gen_13
Time elapsed: 218.76 mins

--- Generation 134 ---
Logging to /home/jnn.aurich/kuhhandel-ml/rl/train/tensorboard_logs_default/MaskablePPO_0
--------------------------------
| time/              |         |
|    fps             | 1210    |
|    iterations      | 1       |
|    time_elapsed    | 54      |
|    total_timesteps | 8781824 |
--------------------------------
Saved generation 134 to /home/jnn.aurich/kuhhandel-ml/rl/train/models_default/selfplay_pool/gen_14
Time elapsed: 221.23 mins

--- Generation 135 ---
Logging to /home/jnn.aurich/kuhhandel-ml/rl/train/tensorboard_logs_default/MaskablePPO_0
--------------------------------
| time/              |         |
|    fps             | 1067    |
|    iterations      | 1       |
|    time_elapsed    | 61      |
|    total_timesteps | 8847360 |
--------------------------------
Saved generation 135 to /home/jnn.aurich/kuhhandel-ml/rl/train/models_default/selfplay_pool/gen_15
Time elapsed: 223.86 mins

--- Generation 136 ---
Logging to /home/jnn.aurich/kuhhandel-ml/rl/train/tensorboard_logs_default/MaskablePPO_0
--------------------------------
| time/              |         |
|    fps             | 960     |
|    iterations      | 1       |
|    time_elapsed    | 68      |
|    total_timesteps | 8912896 |
--------------------------------
Saved generation 136 to /home/jnn.aurich/kuhhandel-ml/rl/train/models_default/selfplay_pool/gen_16
Time elapsed: 226.61 mins

--- Generation 137 ---
Logging to /home/jnn.aurich/kuhhandel-ml/rl/train/tensorboard_logs_default/MaskablePPO_0
--------------------------------
| time/              |         |
|    fps             | 1014    |
|    iterations      | 1       |
|    time_elapsed    | 64      |
|    total_timesteps | 8978432 |
--------------------------------
Saved generation 137 to /home/jnn.aurich/kuhhandel-ml/rl/train/models_default/selfplay_pool/gen_17
Time elapsed: 229.41 mins

--- Generation 138 ---
Logging to /home/jnn.aurich/kuhhandel-ml/rl/train/tensorboard_logs_default/MaskablePPO_0
--------------------------------
| time/              |         |
|    fps             | 962     |
|    iterations      | 1       |
|    time_elapsed    | 68      |
|    total_timesteps | 9043968 |
--------------------------------
Saved generation 138 to /home/jnn.aurich/kuhhandel-ml/rl/train/models_default/selfplay_pool/gen_18
Time elapsed: 231.91 mins

--- Generation 139 ---
Logging to /home/jnn.aurich/kuhhandel-ml/rl/train/tensorboard_logs_default/MaskablePPO_0
--------------------------------
| time/              |         |
|    fps             | 872     |
|    iterations      | 1       |
|    time_elapsed    | 75      |
|    total_timesteps | 9109504 |
--------------------------------
Saved generation 139 to /home/jnn.aurich/kuhhandel-ml/rl/train/models_default/selfplay_pool/gen_19
Time elapsed: 234.54 mins

--- Generation 140 ---
Logging to /home/jnn.aurich/kuhhandel-ml/rl/train/tensorboard_logs_default/MaskablePPO_0
--------------------------------
| time/              |         |
|    fps             | 930     |
|    iterations      | 1       |
|    time_elapsed    | 70      |
|    total_timesteps | 9175040 |
--------------------------------
Saved generation 140 to /home/jnn.aurich/kuhhandel-ml/rl/train/models_default/selfplay_pool/gen_20
Time elapsed: 237.13 mins

--- Generation 141 ---
Logging to /home/jnn.aurich/kuhhandel-ml/rl/train/tensorboard_logs_default/MaskablePPO_0
--------------------------------
| time/              |         |
|    fps             | 970     |
|    iterations      | 1       |
|    time_elapsed    | 67      |
|    total_timesteps | 9240576 |
--------------------------------
Saved generation 141 to /home/jnn.aurich/kuhhandel-ml/rl/train/models_default/selfplay_pool/gen_21
Time elapsed: 239.67 mins

--- Generation 142 ---
Logging to /home/jnn.aurich/kuhhandel-ml/rl/train/tensorboard_logs_default/MaskablePPO_0
--------------------------------
| time/              |         |
|    fps             | 978     |
|    iterations      | 1       |
|    time_elapsed    | 66      |
|    total_timesteps | 9306112 |
--------------------------------
Saved generation 142 to /home/jnn.aurich/kuhhandel-ml/rl/train/models_default/selfplay_pool/gen_22
Time elapsed: 242.77 mins

--- Generation 143 ---
Logging to /home/jnn.aurich/kuhhandel-ml/rl/train/tensorboard_logs_default/MaskablePPO_0
--------------------------------
| time/              |         |
|    fps             | 945     |
|    iterations      | 1       |
|    time_elapsed    | 69      |
|    total_timesteps | 9371648 |
--------------------------------
Saved generation 143 to /home/jnn.aurich/kuhhandel-ml/rl/train/models_default/selfplay_pool/gen_23
Time elapsed: 245.86 mins

--- Generation 144 ---
Logging to /home/jnn.aurich/kuhhandel-ml/rl/train/tensorboard_logs_default/MaskablePPO_0
--------------------------------
| time/              |         |
|    fps             | 962     |
|    iterations      | 1       |
|    time_elapsed    | 68      |
|    total_timesteps | 9437184 |
--------------------------------
Saved generation 144 to /home/jnn.aurich/kuhhandel-ml/rl/train/models_default/selfplay_pool/gen_24
Time elapsed: 248.96 mins

--- Generation 145 ---
Logging to /home/jnn.aurich/kuhhandel-ml/rl/train/tensorboard_logs_default/MaskablePPO_0
--------------------------------
| time/              |         |
|    fps             | 890     |
|    iterations      | 1       |
|    time_elapsed    | 73      |
|    total_timesteps | 9502720 |
--------------------------------
Saved generation 145 to /home/jnn.aurich/kuhhandel-ml/rl/train/models_default/selfplay_pool/gen_25
Time elapsed: 252.01 mins

--- Generation 146 ---
Logging to /home/jnn.aurich/kuhhandel-ml/rl/train/tensorboard_logs_default/MaskablePPO_0
--------------------------------
| time/              |         |
|    fps             | 889     |
|    iterations      | 1       |
|    time_elapsed    | 73      |
|    total_timesteps | 9568256 |
--------------------------------
Saved generation 146 to /home/jnn.aurich/kuhhandel-ml/rl/train/models_default/selfplay_pool/gen_26
Time elapsed: 254.96 mins

--- Generation 147 ---
Logging to /home/jnn.aurich/kuhhandel-ml/rl/train/tensorboard_logs_default/MaskablePPO_0
--------------------------------
| time/              |         |
|    fps             | 914     |
|    iterations      | 1       |
|    time_elapsed    | 71      |
|    total_timesteps | 9633792 |
--------------------------------
Saved generation 147 to /home/jnn.aurich/kuhhandel-ml/rl/train/models_default/selfplay_pool/gen_27
Time elapsed: 257.83 mins

--- Generation 148 ---
Logging to /home/jnn.aurich/kuhhandel-ml/rl/train/tensorboard_logs_default/MaskablePPO_0
--------------------------------
| time/              |         |
|    fps             | 906     |
|    iterations      | 1       |
|    time_elapsed    | 72      |
|    total_timesteps | 9699328 |
--------------------------------
Saved generation 148 to /home/jnn.aurich/kuhhandel-ml/rl/train/models_default/selfplay_pool/gen_28
Time elapsed: 260.76 mins

--- Generation 149 ---
Logging to /home/jnn.aurich/kuhhandel-ml/rl/train/tensorboard_logs_default/MaskablePPO_0
--------------------------------
| time/              |         |
|    fps             | 915     |
|    iterations      | 1       |
|    time_elapsed    | 71      |
|    total_timesteps | 9764864 |
--------------------------------
Saved generation 149 to /home/jnn.aurich/kuhhandel-ml/rl/train/models_default/selfplay_pool/gen_29
Time elapsed: 263.67 mins

--- Generation 150 ---
Logging to /home/jnn.aurich/kuhhandel-ml/rl/train/tensorboard_logs_default/MaskablePPO_0
--------------------------------
| time/              |         |
|    fps             | 913     |
|    iterations      | 1       |
|    time_elapsed    | 71      |
|    total_timesteps | 9830400 |
--------------------------------
Saved generation 150 to /home/jnn.aurich/kuhhandel-ml/rl/train/models_default/selfplay_pool/gen_0
Time elapsed: 266.69 mins
Training loop finished in 266.69 minutes. Model saved to /home/jnn.aurich/kuhhandel-ml/rl/train/models_default/kuhhandel_ppo_final
